Archive member included to satisfy reference by file (symbol)

c:/siliconlabs/simplicitystudio/v4/developer/toolchains/gnu_arm/7.2_2017q4/bin/../lib/gcc/arm-none-eabi/7.2.1/thumb/v7e-m/fpv4-sp/softfp\libgcc.a(_aeabi_uldivmod.o)
                              ./BSP/siliconlabs/generic/source/bsp_cpu.o (__aeabi_uldivmod)
c:/siliconlabs/simplicitystudio/v4/developer/toolchains/gnu_arm/7.2_2017q4/bin/../lib/gcc/arm-none-eabi/7.2.1/thumb/v7e-m/fpv4-sp/softfp\libgcc.a(_udivmoddi4.o)
                              c:/siliconlabs/simplicitystudio/v4/developer/toolchains/gnu_arm/7.2_2017q4/bin/../lib/gcc/arm-none-eabi/7.2.1/thumb/v7e-m/fpv4-sp/softfp\libgcc.a(_aeabi_uldivmod.o) (__udivmoddi4)
c:/siliconlabs/simplicitystudio/v4/developer/toolchains/gnu_arm/7.2_2017q4/bin/../lib/gcc/arm-none-eabi/7.2.1/thumb/v7e-m/fpv4-sp/softfp\libgcc.a(_dvmd_tls.o)
                              c:/siliconlabs/simplicitystudio/v4/developer/toolchains/gnu_arm/7.2_2017q4/bin/../lib/gcc/arm-none-eabi/7.2.1/thumb/v7e-m/fpv4-sp/softfp\libgcc.a(_aeabi_uldivmod.o) (__aeabi_ldiv0)
c:/siliconlabs/simplicitystudio/v4/developer/toolchains/gnu_arm/7.2_2017q4/bin/../lib/gcc/arm-none-eabi/7.2.1/../../../../arm-none-eabi/lib/thumb/v7e-m/fpv4-sp/softfp\libc_nano.a(lib_a-exit.o)
                              c:/siliconlabs/simplicitystudio/v4/developer/toolchains/gnu_arm/7.2_2017q4/bin/../lib/gcc/arm-none-eabi/7.2.1/../../../../arm-none-eabi/lib/thumb/v7e-m/fpv4-sp/softfp/crt0.o (exit)
c:/siliconlabs/simplicitystudio/v4/developer/toolchains/gnu_arm/7.2_2017q4/bin/../lib/gcc/arm-none-eabi/7.2.1/../../../../arm-none-eabi/lib/thumb/v7e-m/fpv4-sp/softfp\libc_nano.a(lib_a-impure.o)
                              c:/siliconlabs/simplicitystudio/v4/developer/toolchains/gnu_arm/7.2_2017q4/bin/../lib/gcc/arm-none-eabi/7.2.1/../../../../arm-none-eabi/lib/thumb/v7e-m/fpv4-sp/softfp\libc_nano.a(lib_a-exit.o) (_global_impure_ptr)
c:/siliconlabs/simplicitystudio/v4/developer/toolchains/gnu_arm/7.2_2017q4/bin/../lib/gcc/arm-none-eabi/7.2.1/../../../../arm-none-eabi/lib/thumb/v7e-m/fpv4-sp/softfp\libc_nano.a(lib_a-init.o)
                              c:/siliconlabs/simplicitystudio/v4/developer/toolchains/gnu_arm/7.2_2017q4/bin/../lib/gcc/arm-none-eabi/7.2.1/../../../../arm-none-eabi/lib/thumb/v7e-m/fpv4-sp/softfp/crt0.o (__libc_init_array)
c:/siliconlabs/simplicitystudio/v4/developer/toolchains/gnu_arm/7.2_2017q4/bin/../lib/gcc/arm-none-eabi/7.2.1/../../../../arm-none-eabi/lib/thumb/v7e-m/fpv4-sp/softfp\libc_nano.a(lib_a-locale.o)
                              ./Drivers/textdisplay.o (__locale_ctype_ptr)
c:/siliconlabs/simplicitystudio/v4/developer/toolchains/gnu_arm/7.2_2017q4/bin/../lib/gcc/arm-none-eabi/7.2.1/../../../../arm-none-eabi/lib/thumb/v7e-m/fpv4-sp/softfp\libc_nano.a(lib_a-mbtowc_r.o)
                              c:/siliconlabs/simplicitystudio/v4/developer/toolchains/gnu_arm/7.2_2017q4/bin/../lib/gcc/arm-none-eabi/7.2.1/../../../../arm-none-eabi/lib/thumb/v7e-m/fpv4-sp/softfp\libc_nano.a(lib_a-locale.o) (__ascii_mbtowc)
c:/siliconlabs/simplicitystudio/v4/developer/toolchains/gnu_arm/7.2_2017q4/bin/../lib/gcc/arm-none-eabi/7.2.1/../../../../arm-none-eabi/lib/thumb/v7e-m/fpv4-sp/softfp\libc_nano.a(lib_a-memcpy-stub.o)
                              ./Drivers/display.o (memcpy)
c:/siliconlabs/simplicitystudio/v4/developer/toolchains/gnu_arm/7.2_2017q4/bin/../lib/gcc/arm-none-eabi/7.2.1/../../../../arm-none-eabi/lib/thumb/v7e-m/fpv4-sp/softfp\libc_nano.a(lib_a-memset.o)
                              c:/siliconlabs/simplicitystudio/v4/developer/toolchains/gnu_arm/7.2_2017q4/bin/../lib/gcc/arm-none-eabi/7.2.1/../../../../arm-none-eabi/lib/thumb/v7e-m/fpv4-sp/softfp/crt0.o (memset)
c:/siliconlabs/simplicitystudio/v4/developer/toolchains/gnu_arm/7.2_2017q4/bin/../lib/gcc/arm-none-eabi/7.2.1/../../../../arm-none-eabi/lib/thumb/v7e-m/fpv4-sp/softfp\libc_nano.a(lib_a-setvbuf.o)
                              ./Drivers/retargettextdisplay.o (setvbuf)
c:/siliconlabs/simplicitystudio/v4/developer/toolchains/gnu_arm/7.2_2017q4/bin/../lib/gcc/arm-none-eabi/7.2.1/../../../../arm-none-eabi/lib/thumb/v7e-m/fpv4-sp/softfp\libc_nano.a(lib_a-strcmp.o)
                              c:/siliconlabs/simplicitystudio/v4/developer/toolchains/gnu_arm/7.2_2017q4/bin/../lib/gcc/arm-none-eabi/7.2.1/../../../../arm-none-eabi/lib/thumb/v7e-m/fpv4-sp/softfp\libc_nano.a(lib_a-locale.o) (strcmp)
c:/siliconlabs/simplicitystudio/v4/developer/toolchains/gnu_arm/7.2_2017q4/bin/../lib/gcc/arm-none-eabi/7.2.1/../../../../arm-none-eabi/lib/thumb/v7e-m/fpv4-sp/softfp\libc_nano.a(lib_a-strcpy.o)
                              ./SystemView/SEGGER_RTT.o (strcpy)
c:/siliconlabs/simplicitystudio/v4/developer/toolchains/gnu_arm/7.2_2017q4/bin/../lib/gcc/arm-none-eabi/7.2.1/../../../../arm-none-eabi/lib/thumb/v7e-m/fpv4-sp/softfp\libc_nano.a(lib_a-strlen.o)
                              ./SystemView/SEGGER_RTT.o (strlen)
[...]
Memory Configuration

Name             Origin             Length             Attributes
FLASH            0x00000000         0x00100000         xr
RAM              0x20000000         0x00040000         xrw
*default*        0x00000000         0xffffffff

Linker script and memory map

LOAD c:/siliconlabs/simplicitystudio/v4/developer/toolchains/gnu_arm/7.2_2017q4/bin/../lib/gcc/arm-none-eabi/7.2.1/thumb/v7e-m/fpv4-sp/softfp/crti.o
LOAD c:/siliconlabs/simplicitystudio/v4/developer/toolchains/gnu_arm/7.2_2017q4/bin/../lib/gcc/arm-none-eabi/7.2.1/thumb/v7e-m/fpv4-sp/softfp/crtbegin.o
LOAD c:/siliconlabs/simplicitystudio/v4/developer/toolchains/gnu_arm/7.2_2017q4/bin/../lib/gcc/arm-none-eabi/7.2.1/../../../../arm-none-eabi/lib/thumb/v7e-m/fpv4-sp/softfp/crt0.o
LOAD ./BSP/bsp_bcc.o
LOAD ./BSP/bsp_stk.o
LOAD ./BSP/bsp_stk_leds.o
LOAD ./BSP/bsp_trace.o
LOAD ./BSP/siliconlabs/generic/source/bsp_cpu.o
LOAD ./BSP/siliconlabs/generic/source/bsp_os.o
LOAD ./CMSIS/EFM32PG12B/startup_gcc_efm32pg12b.o
LOAD ./CMSIS/EFM32PG12B/system_efm32pg12b.o
LOAD ./Drivers/capsense.o
LOAD ./Drivers/display.o
LOAD ./Drivers/displayls013b7dh03.o
LOAD ./Drivers/displaypalemlib.o
LOAD ./Drivers/retargetio.o
LOAD ./Drivers/retargettextdisplay.o
LOAD ./Drivers/textdisplay.o
LOAD ./Drivers/udelay.o
LOAD ./SystemView/SEGGER_RTT.o
LOAD ./SystemView/SEGGER_RTT_ASM_ARMv7M.o
LOAD ./SystemView/SEGGER_SYSVIEW.o
LOAD ./SystemView/SEGGER_SYSVIEW_Config_MicriumOSKernel.o
LOAD ./SystemView/SEGGER_SYSVIEW_MicriumOSKernel.o
LOAD ./common/sl_slist.o
LOAD ./common/source/auth/auth.o
LOAD ./common/source/collections/bitmap.o
LOAD ./common/source/collections/map.o
LOAD ./common/source/collections/slist.o
LOAD ./common/source/common/common.o
LOAD ./common/source/kal/kal_kernel.o
LOAD ./common/source/lib/lib_ascii.o
LOAD ./common/source/lib/lib_math.o
LOAD ./common/source/lib/lib_mem.o
LOAD ./common/source/lib/lib_str.o
LOAD ./common/source/platform_mgr/platform_mgr.o
LOAD ./common/source/rtos/rtos_err_str.o
LOAD ./cpu/source/cpu_core.o
LOAD ./emlib/em_acmp.o
LOAD ./emlib/em_assert.o
LOAD ./emlib/em_cmu.o
LOAD ./emlib/em_core.o
LOAD ./emlib/em_emu.o
LOAD ./emlib/em_gpio.o
LOAD ./emlib/em_prs.o
LOAD ./emlib/em_rtcc.o
LOAD ./emlib/em_system.o
LOAD ./emlib/em_usart.o
LOAD ./kernel/source/os_cfg_app.o
LOAD ./kernel/source/os_core.o
LOAD ./kernel/source/os_dbg.o
LOAD ./kernel/source/os_flag.o
LOAD ./kernel/source/os_mon.o
LOAD ./kernel/source/os_msg.o
LOAD ./kernel/source/os_mutex.o
LOAD ./kernel/source/os_prio.o
LOAD ./kernel/source/os_q.o
LOAD ./kernel/source/os_sem.o
LOAD ./kernel/source/os_stat.o
LOAD ./kernel/source/os_task.o
LOAD ./kernel/source/os_time.o
LOAD ./kernel/source/os_tmr.o
LOAD ./kernel/source/os_var.o
LOAD ./ports/source/gnu/armv7m_cpu_a.o
LOAD ./ports/source/gnu/armv7m_os_cpu_a.o
LOAD ./ports/source/gnu/armv7m_os_cpu_c.o
LOAD ./service/sl_sleeptimer.o
LOAD ./service/sl_sleeptimer_hal_rtcc.o
LOAD ./src/app.o
LOAD ./src/cmu.o
LOAD ./src/gpio.o
LOAD ./src/main.o
START GROUP
LOAD c:/siliconlabs/simplicitystudio/v4/developer/toolchains/gnu_arm/7.2_2017q4/bin/../lib/gcc/arm-none-eabi/7.2.1/thumb/v7e-m/fpv4-sp/softfp\libgcc.a
LOAD c:/siliconlabs/simplicitystudio/v4/developer/toolchains/gnu_arm/7.2_2017q4/bin/../lib/gcc/arm-none-eabi/7.2.1/../../../../arm-none-eabi/lib/thumb/v7e-m/fpv4-sp/softfp\libc_nano.a
LOAD c:/siliconlabs/simplicitystudio/v4/developer/toolchains/gnu_arm/7.2_2017q4/bin/../lib/gcc/arm-none-eabi/7.2.1/../../../../arm-none-eabi/lib/thumb/v7e-m/fpv4-sp/softfp\libnosys.a
END GROUP
START GROUP
LOAD c:/siliconlabs/simplicitystudio/v4/developer/toolchains/gnu_arm/7.2_2017q4/bin/../lib/gcc/arm-none-eabi/7.2.1/thumb/v7e-m/fpv4-sp/softfp\libgcc.a
LOAD c:/siliconlabs/simplicitystudio/v4/developer/toolchains/gnu_arm/7.2_2017q4/bin/../lib/gcc/arm-none-eabi/7.2.1/../../../../arm-none-eabi/lib/thumb/v7e-m/fpv4-sp/softfp\libg_nano.a
LOAD c:/siliconlabs/simplicitystudio/v4/developer/toolchains/gnu_arm/7.2_2017q4/bin/../lib/gcc/arm-none-eabi/7.2.1/../../../../arm-none-eabi/lib/thumb/v7e-m/fpv4-sp/softfp\libc_nano.a
END GROUP
START GROUP
LOAD c:/siliconlabs/simplicitystudio/v4/developer/toolchains/gnu_arm/7.2_2017q4/bin/../lib/gcc/arm-none-eabi/7.2.1/thumb/v7e-m/fpv4-sp/softfp\libgcc.a
LOAD c:/siliconlabs/simplicitystudio/v4/developer/toolchains/gnu_arm/7.2_2017q4/bin/../lib/gcc/arm-none-eabi/7.2.1/../../../../arm-none-eabi/lib/thumb/v7e-m/fpv4-sp/softfp\libc_nano.a
END GROUP
LOAD c:/siliconlabs/simplicitystudio/v4/developer/toolchains/gnu_arm/7.2_2017q4/bin/../lib/gcc/arm-none-eabi/7.2.1/thumb/v7e-m/fpv4-sp/softfp/crtend.o
LOAD c:/siliconlabs/simplicitystudio/v4/developer/toolchains/gnu_arm/7.2_2017q4/bin/../lib/gcc/arm-none-eabi/7.2.1/thumb/v7e-m/fpv4-sp/softfp/crtn.o

.text           0x00000000    0x117bc
 *(.vectors)
 .vectors       0x00000000      0x10c ./CMSIS/EFM32PG12B/startup_gcc_efm32pg12b.o
                0x00000000                __Vectors
                0x0000010c                __Vectors_End = .
                0x0000010c                __Vectors_Size = (__Vectors_End - __Vectors)
                0x0000010c                __end__ = .
 *(.text*)
 .text          0x0000010c       0x40 c:/siliconlabs/simplicitystudio/v4/developer/toolchains/gnu_arm/7.2_2017q4/bin/../lib/gcc/arm-none-eabi/7.2.1/thumb/v7e-m/fpv4-sp/softfp/crtbegin.o
 .text          0x0000014c       0x74 c:/siliconlabs/simplicitystudio/v4/developer/toolchains/gnu_arm/7.2_2017q4/bin/../lib/gcc/arm-none-eabi/7.2.1/../../../../arm-none-eabi/lib/thumb/v7e-m/fpv4-sp/softfp/crt0.o
                0x0000014c                _start
                0x0000014c                _mainCRTStartup
 .text.BSP_LedsInit
                0x000001c0       0x58 ./BSP/bsp_stk_leds.o
                0x000001c0                BSP_LedsInit
 .text.CPU_TS_TmrInit
                0x00000218       0x44 ./BSP/siliconlabs/generic/source/bsp_cpu.o
                0x00000218                CPU_TS_TmrInit
 .text.CPU_TS_TmrRd
                0x0000025c       0x20 ./BSP/siliconlabs/generic/source/bsp_cpu.o
                0x0000025c                CPU_TS_TmrRd
 .text.CPU_TS32_to_uSec
                0x0000027c       0x54 ./BSP/siliconlabs/generic/source/bsp_cpu.o
                0x0000027c                CPU_TS32_to_uSec
 .text.SYSTEM_GetProdRev
                0x000002d0       0x1c ./BSP/siliconlabs/generic/source/bsp_os.o
 .text.CHIP_Init
                0x000002ec       0x84 ./BSP/siliconlabs/generic/source/bsp_os.o
 .text.BSP_SystemInit
                0x00000370       0x5c ./BSP/siliconlabs/generic/source/bsp_os.o
                0x00000370                BSP_SystemInit
 .text.BSP_OS_Init
                0x000003cc        0xe ./BSP/siliconlabs/generic/source/bsp_os.o
                0x000003cc                BSP_OS_Init
 *fill*         0x000003da        0x2 
 .text          0x000003dc       0x30 ./CMSIS/EFM32PG12B/startup_gcc_efm32pg12b.o
                0x000003dc                Reset_Handler
                0x00000408                USART0_TX_IRQHandler
                0x00000408                I2C0_IRQHandler
                0x00000408                HardFault_Handler
                0x00000408                USART1_RX_IRQHandler
                0x00000408                NMI_Handler
                0x00000408                I2C1_IRQHandler
                0x00000408                WTIMER0_IRQHandler
                0x00000408                CRYPTO0_IRQHandler
                0x00000408                WDOG0_IRQHandler
                0x00000408                USART1_TX_IRQHandler
                0x00000408                SMU_IRQHandler
                0x00000408                MSC_IRQHandler
                0x00000408                ADC0_IRQHandler
                0x00000408                UsageFault_Handler
                0x00000408                WDOG1_IRQHandler
                0x00000408                LEUART0_IRQHandler
                0x00000408                FPUEH_IRQHandler
                0x00000408                WTIMER1_IRQHandler
                0x00000408                VDAC0_IRQHandler
                0x00000408                LDMA_IRQHandler
                0x00000408                CSEN_IRQHandler
                0x00000408                CRYPTO1_IRQHandler
                0x00000408                DebugMon_Handler
                0x00000408                PCNT2_IRQHandler
                0x00000408                LETIMER0_IRQHandler
                0x00000408                TIMER1_IRQHandler
                0x00000408                TRNG0_IRQHandler
                0x00000408                USART2_RX_IRQHandler
                0x00000408                Default_Handler
                0x00000408                EMU_IRQHandler
                0x00000408                CRYOTIMER_IRQHandler
                0x00000408                PCNT0_IRQHandler
                0x00000408                sl_app_properties
                0x00000408                PCNT1_IRQHandler
                0x00000408                ACMP0_IRQHandler
                0x00000408                USART0_RX_IRQHandler
                0x00000408                MemManage_Handler
                0x00000408                SVC_Handler
                0x00000408                USART3_RX_IRQHandler
                0x00000408                CMU_IRQHandler
                0x00000408                LESENSE_IRQHandler
                0x00000408                USART3_TX_IRQHandler
                0x00000408                BusFault_Handler
                0x00000408                USART2_TX_IRQHandler
                0x00000408                IDAC0_IRQHandler
 .text.SystemCoreClockGet
                0x0000040c       0x40 ./CMSIS/EFM32PG12B/system_efm32pg12b.o
                0x0000040c                SystemCoreClockGet
 .text.SystemMaxCoreClockGet
                0x0000044c       0x14 ./CMSIS/EFM32PG12B/system_efm32pg12b.o
                0x0000044c                SystemMaxCoreClockGet
 .text.SystemHFClockGet
                0x00000460       0x88 ./CMSIS/EFM32PG12B/system_efm32pg12b.o
                0x00000460                SystemHFClockGet
 .text.SystemHFXOClockGet
                0x000004e8       0x18 ./CMSIS/EFM32PG12B/system_efm32pg12b.o
                0x000004e8                SystemHFXOClockGet
 .text.SystemInit
                0x00000500       0x2c ./CMSIS/EFM32PG12B/system_efm32pg12b.o
                0x00000500                SystemInit
 .text.SystemLFRCOClockGet
                0x0000052c       0x12 ./CMSIS/EFM32PG12B/system_efm32pg12b.o
                0x0000052c                SystemLFRCOClockGet
 .text.SystemULFRCOClockGet
                0x0000053e       0x12 ./CMSIS/EFM32PG12B/system_efm32pg12b.o
                0x0000053e                SystemULFRCOClockGet
 .text.SystemLFXOClockGet
                0x00000550       0x18 ./CMSIS/EFM32PG12B/system_efm32pg12b.o
                0x00000550                SystemLFXOClockGet
 .text.TIMER0_IRQHandler
                0x00000568       0x7c ./Drivers/capsense.o
                0x00000568                TIMER0_IRQHandler
 .text.CAPSENSE_getPressed
                0x000005e4       0x4c ./Drivers/capsense.o
                0x000005e4                CAPSENSE_getPressed
 .text.CAPSENSE_Measure
                0x00000630       0x8c ./Drivers/capsense.o
 .text.CAPSENSE_Sense
                0x000006bc       0x54 ./Drivers/capsense.o
                0x000006bc                CAPSENSE_Sense
 .text.CAPSENSE_Init
                0x00000710       0x8c ./Drivers/capsense.o
                0x00000710                CAPSENSE_Init
 .text._exit    0x0000079c        0xa ./Drivers/retargetio.o
                0x0000079c                _exit
 *fill*         0x000007a6        0x2 
 .text._DoInit  0x000007a8       0x9c ./SystemView/SEGGER_RTT.o
 .text.SEGGER_RTT_ReadNoLock
                0x00000844      0x104 ./SystemView/SEGGER_RTT.o
                0x00000844                SEGGER_RTT_ReadNoLock
 .text.SEGGER_RTT_ConfigUpBuffer
                0x00000948       0xcc ./SystemView/SEGGER_RTT.o
                0x00000948                SEGGER_RTT_ConfigUpBuffer
 .text.SEGGER_RTT_ConfigDownBuffer
                0x00000a14       0xcc ./SystemView/SEGGER_RTT.o
                0x00000a14                SEGGER_RTT_ConfigDownBuffer
 .text          0x00000ae0       0x8c ./SystemView/SEGGER_RTT_ASM_ARMv7M.o
                0x00000ae0                SEGGER_RTT_ASM_WriteSkipNoLock
 .text._EncodeStr
                0x00000b6c       0x9a ./SystemView/SEGGER_SYSVIEW.o
 .text._PreparePacket
                0x00000c06       0x18 ./SystemView/SEGGER_SYSVIEW.o
 .text._HandleIncomingPacket
                0x00000c1e       0xb8 ./SystemView/SEGGER_SYSVIEW.o
 *fill*         0x00000cd6        0x2 
 .text._TrySendOverflowPacket
                0x00000cd8       0xec ./SystemView/SEGGER_SYSVIEW.o
 .text._SendPacket
                0x00000dc4      0x1b0 ./SystemView/SEGGER_SYSVIEW.o
 .text.SEGGER_SYSVIEW_Init
                0x00000f74       0x7c ./SystemView/SEGGER_SYSVIEW.o
                0x00000f74                SEGGER_SYSVIEW_Init
 .text.SEGGER_SYSVIEW_SetRAMBase
                0x00000ff0       0x20 ./SystemView/SEGGER_SYSVIEW.o
                0x00000ff0                SEGGER_SYSVIEW_SetRAMBase
 .text.SEGGER_SYSVIEW_RecordVoid
                0x00001010       0x34 ./SystemView/SEGGER_SYSVIEW.o
                0x00001010                SEGGER_SYSVIEW_RecordVoid
 .text.SEGGER_SYSVIEW_RecordU32
                0x00001044       0x70 ./SystemView/SEGGER_SYSVIEW.o
                0x00001044                SEGGER_SYSVIEW_RecordU32
 .text.SEGGER_SYSVIEW_RecordU32x2
                0x000010b4       0xac ./SystemView/SEGGER_SYSVIEW.o
                0x000010b4                SEGGER_SYSVIEW_RecordU32x2
 .text.SEGGER_SYSVIEW_Start
                0x00001160      0x168 ./SystemView/SEGGER_SYSVIEW.o
                0x00001160                SEGGER_SYSVIEW_Start
 .text.SEGGER_SYSVIEW_Stop
                0x000012c8       0x44 ./SystemView/SEGGER_SYSVIEW.o
                0x000012c8                SEGGER_SYSVIEW_Stop
 .text.SEGGER_SYSVIEW_GetSysDesc
                0x0000130c      0x12c ./SystemView/SEGGER_SYSVIEW.o
                0x0000130c                SEGGER_SYSVIEW_GetSysDesc
 .text.SEGGER_SYSVIEW_SendTaskInfo
                0x00001438      0x1c4 ./SystemView/SEGGER_SYSVIEW.o
                0x00001438                SEGGER_SYSVIEW_SendTaskInfo
 .text.SEGGER_SYSVIEW_SendTaskList
                0x000015fc       0x28 ./SystemView/SEGGER_SYSVIEW.o
                0x000015fc                SEGGER_SYSVIEW_SendTaskList
 .text.SEGGER_SYSVIEW_SendSysDesc
                0x00001624       0x40 ./SystemView/SEGGER_SYSVIEW.o
                0x00001624                SEGGER_SYSVIEW_SendSysDesc
 .text.SEGGER_SYSVIEW_RecordSystime
                0x00001664       0x60 ./SystemView/SEGGER_SYSVIEW.o
                0x00001664                SEGGER_SYSVIEW_RecordSystime
 .text.SEGGER_SYSVIEW_OnIdle
                0x000016c4       0x30 ./SystemView/SEGGER_SYSVIEW.o
                0x000016c4                SEGGER_SYSVIEW_OnIdle
 .text.SEGGER_SYSVIEW_OnTaskCreate
                0x000016f4       0x80 ./SystemView/SEGGER_SYSVIEW.o
                0x000016f4                SEGGER_SYSVIEW_OnTaskCreate
 .text.SEGGER_SYSVIEW_OnTaskStartExec
                0x00001774       0x80 ./SystemView/SEGGER_SYSVIEW.o
                0x00001774                SEGGER_SYSVIEW_OnTaskStartExec
 .text.SEGGER_SYSVIEW_OnTaskStartReady
                0x000017f4       0x80 ./SystemView/SEGGER_SYSVIEW.o
                0x000017f4                SEGGER_SYSVIEW_OnTaskStartReady
 .text.SEGGER_SYSVIEW_OnTaskStopReady
                0x00001874       0xb8 ./SystemView/SEGGER_SYSVIEW.o
                0x00001874                SEGGER_SYSVIEW_OnTaskStopReady
 .text.SEGGER_SYSVIEW_NameResource
                0x0000192c       0x88 ./SystemView/SEGGER_SYSVIEW.o
                0x0000192c                SEGGER_SYSVIEW_NameResource
 .text.SEGGER_SYSVIEW_ShrinkId
                0x000019b4       0x24 ./SystemView/SEGGER_SYSVIEW.o
                0x000019b4                SEGGER_SYSVIEW_ShrinkId
 .text.SEGGER_SYSVIEW_SendModule
                0x000019d8       0xf8 ./SystemView/SEGGER_SYSVIEW.o
                0x000019d8                SEGGER_SYSVIEW_SendModule
 .text.SEGGER_SYSVIEW_SendModuleDescription
                0x00001ad0       0x3c ./SystemView/SEGGER_SYSVIEW.o
                0x00001ad0                SEGGER_SYSVIEW_SendModuleDescription
 .text.SEGGER_SYSVIEW_SendNumModules
                0x00001b0c       0x74 ./SystemView/SEGGER_SYSVIEW.o
                0x00001b0c                SEGGER_SYSVIEW_SendNumModules
 .text.SEGGER_SYSVIEW_Warn
                0x00001b80       0xb0 ./SystemView/SEGGER_SYSVIEW.o
                0x00001b80                SEGGER_SYSVIEW_Warn
 .text._cbSendSystemDesc
                0x00001c30       0x20 ./SystemView/SEGGER_SYSVIEW_Config_MicriumOSKernel.o
 .text.SEGGER_SYSVIEW_Conf
                0x00001c50       0x38 ./SystemView/SEGGER_SYSVIEW_Config_MicriumOSKernel.o
                0x00001c50                SEGGER_SYSVIEW_Conf
 .text._cbSendTaskList
                0x00001c88       0x94 ./SystemView/SEGGER_SYSVIEW_MicriumOSKernel.o
 .text._cbGetTime
                0x00001d1c       0x24 ./SystemView/SEGGER_SYSVIEW_MicriumOSKernel.o
 .text.SYSVIEW_TaskReady
                0x00001d40       0x20 ./SystemView/SEGGER_SYSVIEW_MicriumOSKernel.o
                0x00001d40                SYSVIEW_TaskReady
 .text.SYSVIEW_TaskSwitchedIn
                0x00001d60       0x20 ./SystemView/SEGGER_SYSVIEW_MicriumOSKernel.o
                0x00001d60                SYSVIEW_TaskSwitchedIn
 .text.SYSVIEW_TaskSuspend
                0x00001d80       0x22 ./SystemView/SEGGER_SYSVIEW_MicriumOSKernel.o
                0x00001d80                SYSVIEW_TaskSuspend
 *fill*         0x00001da2        0x2 
 .text.SYSVIEW_AddTask
                0x00001da4       0xc4 ./SystemView/SEGGER_SYSVIEW_MicriumOSKernel.o
                0x00001da4                SYSVIEW_AddTask
 .text.SYSVIEW_SendTaskInfo
                0x00001e68       0x42 ./SystemView/SEGGER_SYSVIEW_MicriumOSKernel.o
                0x00001e68                SYSVIEW_SendTaskInfo
 *fill*         0x00001eaa        0x2 
 .text.SYSVIEW_RecordU32Register
                0x00001eac       0x90 ./SystemView/SEGGER_SYSVIEW_MicriumOSKernel.o
                0x00001eac                SYSVIEW_RecordU32Register
 .text.SYSVIEW_SendResourceList
                0x00001f3c       0x80 ./SystemView/SEGGER_SYSVIEW_MicriumOSKernel.o
                0x00001f3c                SYSVIEW_SendResourceList
 .text.SList_Init
                0x00001fbc       0x1a ./common/source/collections/slist.o
                0x00001fbc                SList_Init
 *fill*         0x00001fd6        0x2 
 .text.Common_Init
                0x00001fd8       0x70 ./common/source/common/common.o
                0x00001fd8                Common_Init
 .text.Common_MemSegPtrGet
                0x00002048       0x18 ./common/source/common/common.o
                0x00002048                Common_MemSegPtrGet
 .text.KAL_FeatureQuery
                0x00002060       0xf4 ./common/source/kal/kal_kernel.o
                0x00002060                KAL_FeatureQuery
 .text.KAL_LockCreate
                0x00002154       0xbc ./common/source/kal/kal_kernel.o
                0x00002154                KAL_LockCreate
 .text.KAL_Init
                0x00002210      0x1c0 ./common/source/kal/kal_kernel.o
 .text.Math_RandSetSeed
                0x000023d0       0x28 ./common/source/lib/lib_math.o
                0x000023d0                Math_RandSetSeed
 .text.Math_Init
                0x000023f8        0xe ./common/source/lib/lib_math.o
                0x000023f8                Math_Init
 *fill*         0x00002406        0x2 
 .text.Mem_Init
                0x00002408       0x28 ./common/source/lib/lib_mem.o
                0x00002408                Mem_Init
 .text.Mem_SegReg
                0x00002430       0xf4 ./common/source/lib/lib_mem.o
                0x00002430                Mem_SegReg
 .text.Mem_SegAlloc
                0x00002524       0x50 ./common/source/lib/lib_mem.o
                0x00002524                Mem_SegAlloc
 .text.Mem_DynPoolCreate
                0x00002574       0xa4 ./common/source/lib/lib_mem.o
                0x00002574                Mem_DynPoolCreate
 .text.Mem_DynPoolBlkGet
                0x00002618      0x1ec ./common/source/lib/lib_mem.o
                0x00002618                Mem_DynPoolBlkGet
 .text.Mem_DynPoolBlkFree
                0x00002804      0x140 ./common/source/lib/lib_mem.o
                0x00002804                Mem_DynPoolBlkFree
 .text.Mem_SegAllocInternal
                0x00002944      0x108 ./common/source/lib/lib_mem.o
 .text.Mem_SegAllocExtCritical
                0x00002a4c      0x120 ./common/source/lib/lib_mem.o
 .text.Mem_DynPoolCreateInternal
                0x00002b6c      0x350 ./common/source/lib/lib_mem.o
 .text.PlatformMgrInit
                0x00002ebc      0x148 ./common/source/platform_mgr/platform_mgr.o
                0x00002ebc                PlatformMgrInit
 .text.CPU_Init
                0x00003004        0xc ./cpu/source/cpu_core.o
                0x00003004                CPU_Init
 .text.CPU_SW_Exception
                0x00003010        0x6 ./cpu/source/cpu_core.o
                0x00003010                CPU_SW_Exception
 .text.CPU_TS_Get32
                0x00003016       0x16 ./cpu/source/cpu_core.o
                0x00003016                CPU_TS_Get32
 .text.CPU_TS_TmrFreqGet
                0x0000302c       0x88 ./cpu/source/cpu_core.o
                0x0000302c                CPU_TS_TmrFreqGet
 .text.CPU_TS_TmrFreqSet
                0x000030b4       0x20 ./cpu/source/cpu_core.o
                0x000030b4                CPU_TS_TmrFreqSet
 .text.CPU_TS_Init
                0x000030d4       0x18 ./cpu/source/cpu_core.o
 .text.BUS_RegBitWrite
                0x000030ec       0x2e ./emlib/em_acmp.o
 .text.BUS_RegMaskedSet
                0x0000311a       0x24 ./emlib/em_acmp.o
 .text.BUS_RegMaskedClear
                0x0000313e       0x24 ./emlib/em_acmp.o
 .text.BUS_RegMaskedWrite
                0x00003162       0x24 ./emlib/em_acmp.o
 *fill*         0x00003186        0x2 
 .text.ACMP_CapsenseInit
                0x00003188       0xbc ./emlib/em_acmp.o
                0x00003188                ACMP_CapsenseInit
 .text.ACMP_CapsenseChannelSet
                0x00003244       0x44 ./emlib/em_acmp.o
                0x00003244                ACMP_CapsenseChannelSet
 .text.ACMP_Disable
                0x00003288       0x40 ./emlib/em_acmp.o
                0x00003288                ACMP_Disable
 .text.ACMP_Enable
                0x000032c8       0x40 ./emlib/em_acmp.o
                0x000032c8                ACMP_Enable
 .text.assertEFM
                0x00003308        0xc ./emlib/em_assert.o
                0x00003308                assertEFM
 .text.BUS_RegBitWrite
                0x00003314       0x2e ./emlib/em_cmu.o
 .text.BUS_RegBitRead
                0x00003342       0x2a ./emlib/em_cmu.o
 .text.SL_Log2ToDiv
                0x0000336c       0x2c ./emlib/em_cmu.o
 .text.EMU_LDOStatusGet
                0x00003398       0x24 ./emlib/em_cmu.o
 .text.EMU_VScaleWait
                0x000033bc       0x30 ./emlib/em_cmu.o
 .text.EMU_VScaleGet
                0x000033ec       0x1c ./emlib/em_cmu.o
 .text.setHfLeConfig
                0x00003408       0x64 ./emlib/em_cmu.o
 .text.auxClkGet
                0x0000346c       0x20 ./emlib/em_cmu.o
 .text.hfSrcClkGet
                0x0000348c       0x2c ./emlib/em_cmu.o
 .text.dbgClkGet
                0x000034b8       0x4c ./emlib/em_cmu.o
 .text.adcAsyncClkGet
                0x00003504       0x98 ./emlib/em_cmu.o
 .text.flashWaitStateControl
                0x0000359c       0x98 ./emlib/em_cmu.o
 .text.flashWaitStateMax
                0x00003634       0x44 ./emlib/em_cmu.o
 .text.CMU_UpdateWaitStates
                0x00003678       0x40 ./emlib/em_cmu.o
                0x00003678                CMU_UpdateWaitStates
 .text.getRegIshUpperVal
                0x000036b8       0x36 ./emlib/em_cmu.o
 *fill*         0x000036ee        0x2 
 .text.getHfxoTuningMode
                0x000036f0       0x1c ./emlib/em_cmu.o
 .text.setHfxoTuningMode
                0x0000370c       0x2c ./emlib/em_cmu.o
 .text.lfClkGet
                0x00003738      0x114 ./emlib/em_cmu.o
 .text.syncReg  0x0000384c       0x38 ./emlib/em_cmu.o
 .text.hfperClkSafePrescaler
                0x00003884        0xe ./emlib/em_cmu.o
 .text.hfperClkOptimizedPrescaler
                0x00003892        0xe ./emlib/em_cmu.o
 .text.CMU_ClockDivGet
                0x000038a0       0x1a ./emlib/em_cmu.o
                0x000038a0                CMU_ClockDivGet
 *fill*         0x000038ba        0x2 
 .text.CMU_ClockEnable
                0x000038bc       0xd8 ./emlib/em_cmu.o
                0x000038bc                CMU_ClockEnable
 .text.CMU_ClockFreqGet
                0x00003994      0x240 ./emlib/em_cmu.o
                0x00003994                CMU_ClockFreqGet
 .text.CMU_ClockPrescGet
                0x00003bd4      0x1c0 ./emlib/em_cmu.o
                0x00003bd4                CMU_ClockPrescGet
 .text.CMU_ClockSelectGet
                0x00003d94      0x1c8 ./emlib/em_cmu.o
                0x00003d94                CMU_ClockSelectGet
 .text.CMU_ClockSelectSet
                0x00003f5c      0x348 ./emlib/em_cmu.o
                0x00003f5c                CMU_ClockSelectSet
 .text.CMU_HFRCOBandGet
                0x000042a4       0x18 ./emlib/em_cmu.o
                0x000042a4                CMU_HFRCOBandGet
 .text.CMU_HFXOInit
                0x000042bc      0x104 ./emlib/em_cmu.o
                0x000042bc                CMU_HFXOInit
 .text.CMU_OscillatorEnable
                0x000043c0      0x1bc ./emlib/em_cmu.o
                0x000043c0                CMU_OscillatorEnable
 .text.CMU_OscillatorTuningGet
                0x0000457c       0x7c ./emlib/em_cmu.o
                0x0000457c                CMU_OscillatorTuningGet
 .text.CMU_OscillatorTuningSet
                0x000045f8      0x154 ./emlib/em_cmu.o
                0x000045f8                CMU_OscillatorTuningSet
 .text.CMU_OscillatorTuningWait
                0x0000474c       0xb4 ./emlib/em_cmu.o
                0x0000474c                CMU_OscillatorTuningWait
 .text.CMU_OscillatorTuningOptimize
                0x00004800       0x64 ./emlib/em_cmu.o
                0x00004800                CMU_OscillatorTuningOptimize
 .text.CORE_EnterCritical
                0x00004864       0x20 ./emlib/em_core.o
                0x00004864                CORE_EnterCritical
 .text.CORE_ExitCritical
                0x00004884       0x1c ./emlib/em_core.o
                0x00004884                CORE_ExitCritical
 .text.CORE_EnterAtomic
                0x000048a0       0x20 ./emlib/em_core.o
                0x000048a0                CORE_EnterAtomic
 .text.CORE_ExitAtomic
                0x000048c0       0x1c ./emlib/em_core.o
                0x000048c0                CORE_ExitAtomic
 .text.CORE_InIrqContext
                0x000048dc       0x24 ./emlib/em_core.o
                0x000048dc                CORE_InIrqContext
 .text.BUS_RegBitWrite
                0x00004900       0x2e ./emlib/em_emu.o
 .text.BUS_RegBitRead
                0x0000492e       0x2a ./emlib/em_emu.o
 .text.EMU_LDOStatusGet
                0x00004958       0x24 ./emlib/em_emu.o
 .text.EMU_VScaleWait
                0x0000497c       0x30 ./emlib/em_emu.o
 .text.EMU_VScaleGet
                0x000049ac       0x1c ./emlib/em_emu.o
 .text.EMU_IntClear
                0x000049c8       0x20 ./emlib/em_emu.o
 .text.EMU_IntGet
                0x000049e8       0x18 ./emlib/em_emu.o
 .text.EMU_PowerLock
                0x00004a00       0x18 ./emlib/em_emu.o
 .text.EMU_PowerUnlock
                0x00004a18       0x1c ./emlib/em_emu.o
 .text.vScaleEM01Cmd
                0x00004a34       0x22 ./emlib/em_emu.o
 *fill*         0x00004a56        0x2 
 .text.EMU_VScaleEM01ByClock
                0x00004a58       0x84 ./emlib/em_emu.o
                0x00004a58                EMU_VScaleEM01ByClock
 .text.EMU_VScaleEM01
                0x00004adc       0xb4 ./emlib/em_emu.o
                0x00004adc                EMU_VScaleEM01
 .text.EMU_EM23Init
                0x00004b90       0x50 ./emlib/em_emu.o
                0x00004b90                EMU_EM23Init
 .text.dcdcConstCalibrationLoad
                0x00004be0       0x10 ./emlib/em_emu.o
 .text.dcdcValidatedConfigSet
                0x00004bf0       0x40 ./emlib/em_emu.o
 .text.currentLimitersUpdate
                0x00004c30      0x124 ./emlib/em_emu.o
 .text.userCurrentLimitsSet
                0x00004d54       0x30 ./emlib/em_emu.o
 .text.compCtrlSet
                0x00004d84       0x4c ./emlib/em_emu.o
 .text.lpCmpHystCalibrationLoad
                0x00004dd0       0xec ./emlib/em_emu.o
 .text.lpGetDevinfoVrefLowHigh
                0x00004ebc      0x164 ./emlib/em_emu.o
 .text.EMU_DCDCModeSet
                0x00005020      0x10c ./emlib/em_emu.o
                0x00005020                EMU_DCDCModeSet
 .text.EMU_DCDCInit
                0x0000512c      0x1c8 ./emlib/em_emu.o
                0x0000512c                EMU_DCDCInit
 .text.EMU_DCDCOutputVoltageSet
                0x000052f4      0x2d8 ./emlib/em_emu.o
                0x000052f4                EMU_DCDCOutputVoltageSet
 .text.EMU_DCDCOptimizeSlice
                0x000055cc       0xe8 ./emlib/em_emu.o
                0x000055cc                EMU_DCDCOptimizeSlice
 .text.EMU_DCDCLnRcoBandSet
                0x000056b4       0x64 ./emlib/em_emu.o
                0x000056b4                EMU_DCDCLnRcoBandSet
 .text.BUS_RegBitWrite
                0x00005718       0x2e ./emlib/em_gpio.o
 .text.BUS_RegMaskedSet
                0x00005746       0x24 ./emlib/em_gpio.o
 .text.BUS_RegMaskedClear
                0x0000576a       0x24 ./emlib/em_gpio.o
 .text.BUS_RegMaskedWrite
                0x0000578e       0x24 ./emlib/em_gpio.o
 *fill*         0x000057b2        0x2 
 .text.GPIO_IntClear
                0x000057b4       0x20 ./emlib/em_gpio.o
 .text.GPIO_PinOutClear
                0x000057d4       0xd0 ./emlib/em_gpio.o
 .text.GPIO_PinOutSet
                0x000058a4       0xd0 ./emlib/em_gpio.o
 .text.GPIO_DriveStrengthSet
                0x00005974       0x8c ./emlib/em_gpio.o
                0x00005974                GPIO_DriveStrengthSet
 .text.GPIO_ExtIntConfig
                0x00005a00      0x1ac ./emlib/em_gpio.o
                0x00005a00                GPIO_ExtIntConfig
 .text.GPIO_PinModeSet
                0x00005bac      0x18c ./emlib/em_gpio.o
                0x00005bac                GPIO_PinModeSet
 .text.BUS_RegBitWrite
                0x00005d38       0x2e ./emlib/em_rtcc.o
 *fill*         0x00005d66        0x2 
 .text.RTCC_ChannelInit
                0x00005d68       0x7c ./emlib/em_rtcc.o
                0x00005d68                RTCC_ChannelInit
 .text.RTCC_Enable
                0x00005de4       0x24 ./emlib/em_rtcc.o
                0x00005de4                RTCC_Enable
 .text.RTCC_Init
                0x00005e08       0x98 ./emlib/em_rtcc.o
                0x00005e08                RTCC_Init
 .text.OSCfg_Init
                0x00005ea0        0xe ./kernel/source/os_cfg_app.o
                0x00005ea0                OSCfg_Init
 *fill*         0x00005eae        0x2 
 .text.OSInit   0x00005eb0      0x4d4 ./kernel/source/os_core.o
                0x00005eb0                OSInit
 .text.OSSched  0x00006384      0x1f4 ./kernel/source/os_core.o
                0x00006384                OSSched
 .text.OSSchedLock
                0x00006578      0x114 ./kernel/source/os_core.o
                0x00006578                OSSchedLock
 .text.OSSchedUnlock
                0x0000668c      0x158 ./kernel/source/os_core.o
                0x0000668c                OSSchedUnlock
 .text.OSStart  0x000067e4      0x140 ./kernel/source/os_core.o
                0x000067e4                OSStart
 .text.OSIsIdle
                0x00006924       0x18 ./kernel/source/os_core.o
                0x00006924                OSIsIdle
 .text.OS_Pend  0x0000693c       0x94 ./kernel/source/os_core.o
                0x0000693c                OS_Pend
 .text.OS_PendDbgNameAdd
                0x000069d0       0x78 ./kernel/source/os_core.o
                0x000069d0                OS_PendDbgNameAdd
 .text.OS_PendDbgNameRemove
                0x00006a48       0x4c ./kernel/source/os_core.o
                0x00006a48                OS_PendDbgNameRemove
 .text.OS_PendListChangePrio
                0x00006a94       0x3a ./kernel/source/os_core.o
                0x00006a94                OS_PendListChangePrio
 .text.OS_PendListInit
                0x00006ace       0x26 ./kernel/source/os_core.o
                0x00006ace                OS_PendListInit
 .text.OS_PendListInsertPrio
                0x00006af4       0xd8 ./kernel/source/os_core.o
                0x00006af4                OS_PendListInsertPrio
 .text.OS_PendListRemove
                0x00006bcc       0xaa ./kernel/source/os_core.o
                0x00006bcc                OS_PendListRemove
 .text.OS_Post  0x00006c76      0x10e ./kernel/source/os_core.o
                0x00006c76                OS_Post
 .text.OS_RdyListInit
                0x00006d84       0x4c ./kernel/source/os_core.o
                0x00006d84                OS_RdyListInit
 .text.OS_RdyListInsert
                0x00006dd0       0x44 ./kernel/source/os_core.o
                0x00006dd0                OS_RdyListInsert
 .text.OS_RdyListInsertHead
                0x00006e14       0x84 ./kernel/source/os_core.o
                0x00006e14                OS_RdyListInsertHead
 .text.OS_RdyListInsertTail
                0x00006e98       0x80 ./kernel/source/os_core.o
                0x00006e98                OS_RdyListInsertTail
 .text.OS_RdyListMoveHeadToTail
                0x00006f18       0x96 ./kernel/source/os_core.o
                0x00006f18                OS_RdyListMoveHeadToTail
 *fill*         0x00006fae        0x2 
 .text.OS_RdyListRemove
                0x00006fb0       0xb8 ./kernel/source/os_core.o
                0x00006fb0                OS_RdyListRemove
 .text.OS_SchedRoundRobin
                0x00007068       0x60 ./kernel/source/os_core.o
                0x00007068                OS_SchedRoundRobin
 .text.OS_SchedRoundRobinRestartTimer
                0x000070c8       0x50 ./kernel/source/os_core.o
                0x000070c8                OS_SchedRoundRobinRestartTimer
 .text.OS_SchedRoundRobinResetQuanta
                0x00007118       0xe8 ./kernel/source/os_core.o
                0x00007118                OS_SchedRoundRobinResetQuanta
 .text.OS_TaskBlock
                0x00007200       0xb0 ./kernel/source/os_core.o
                0x00007200                OS_TaskBlock
 .text.OS_TimerCallback
                0x000072b0      0x158 ./kernel/source/os_core.o
                0x000072b0                OS_TimerCallback
 .text.OS_Dbg_Init
                0x00007408      0x26c ./kernel/source/os_dbg.o
                0x00007408                OS_Dbg_Init
 .text.OSFlagCreate
                0x00007674      0x11c ./kernel/source/os_flag.o
                0x00007674                OSFlagCreate
 .text.OSFlagPend
                0x00007790      0x600 ./kernel/source/os_flag.o
                0x00007790                OSFlagPend
 .text.OSFlagPost
                0x00007d90      0x2b0 ./kernel/source/os_flag.o
                0x00007d90                OSFlagPost
 .text.OS_FlagBlock
                0x00008040       0x44 ./kernel/source/os_flag.o
                0x00008040                OS_FlagBlock
 .text.OS_FlagDbgListAdd
                0x00008084       0x50 ./kernel/source/os_flag.o
                0x00008084                OS_FlagDbgListAdd
 .text.OS_FlagTaskRdy
                0x000080d4       0xac ./kernel/source/os_flag.o
                0x000080d4                OS_FlagTaskRdy
 .text.OS_MsgPoolInit
                0x00008180       0xe0 ./kernel/source/os_msg.o
                0x00008180                OS_MsgPoolInit
 .text.OS_MsgQFreeAll
                0x00008260       0x78 ./kernel/source/os_msg.o
                0x00008260                OS_MsgQFreeAll
 .text.OS_MsgQInit
                0x000082d8       0x2c ./kernel/source/os_msg.o
                0x000082d8                OS_MsgQInit
 .text.OS_MsgQGet
                0x00008304      0x110 ./kernel/source/os_msg.o
                0x00008304                OS_MsgQGet
 .text.OS_MsgQPut
                0x00008414      0x188 ./kernel/source/os_msg.o
                0x00008414                OS_MsgQPut
 .text.OSMutexCreate
                0x0000859c      0x114 ./kernel/source/os_mutex.o
                0x0000859c                OSMutexCreate
 .text.OSMutexPend
                0x000086b0      0x48c ./kernel/source/os_mutex.o
                0x000086b0                OSMutexPend
 .text.OSMutexPost
                0x00008b3c      0x354 ./kernel/source/os_mutex.o
                0x00008b3c                OSMutexPost
 .text.OS_MutexDbgListAdd
                0x00008e90       0x50 ./kernel/source/os_mutex.o
                0x00008e90                OS_MutexDbgListAdd
 .text.OS_MutexGrpAdd
                0x00008ee0       0x24 ./kernel/source/os_mutex.o
                0x00008ee0                OS_MutexGrpAdd
 .text.OS_MutexGrpRemove
                0x00008f04       0x3a ./kernel/source/os_mutex.o
                0x00008f04                OS_MutexGrpRemove
 .text.OS_MutexGrpPrioFindHighest
                0x00008f3e       0x54 ./kernel/source/os_mutex.o
                0x00008f3e                OS_MutexGrpPrioFindHighest
 .text.OS_MutexGrpPostAll
                0x00008f92       0x86 ./kernel/source/os_mutex.o
                0x00008f92                OS_MutexGrpPostAll
 .text.OS_PrioInit
                0x00009018       0x34 ./kernel/source/os_prio.o
                0x00009018                OS_PrioInit
 .text.OS_PrioGetHighest
                0x0000904c       0x38 ./kernel/source/os_prio.o
                0x0000904c                OS_PrioGetHighest
 .text.OS_PrioInsert
                0x00009084       0x50 ./kernel/source/os_prio.o
                0x00009084                OS_PrioInsert
 .text.OS_PrioRemove
                0x000090d4       0x54 ./kernel/source/os_prio.o
                0x000090d4                OS_PrioRemove
 .text.OSQCreate
                0x00009128      0x190 ./kernel/source/os_q.o
                0x00009128                OSQCreate
 .text.OSQPend  0x000092b8      0x3d4 ./kernel/source/os_q.o
                0x000092b8                OSQPend
 .text.OSQPost  0x0000968c      0x214 ./kernel/source/os_q.o
                0x0000968c                OSQPost
 .text.OS_QDbgListAdd
                0x000098a0       0x50 ./kernel/source/os_q.o
                0x000098a0                OS_QDbgListAdd
 .text.OSSemCreate
                0x000098f0      0x11c ./kernel/source/os_sem.o
                0x000098f0                OSSemCreate
 .text.OSSemPend
                0x00009a0c      0x3b8 ./kernel/source/os_sem.o
                0x00009a0c                OSSemPend
 .text.OSSemPost
                0x00009dc4      0x240 ./kernel/source/os_sem.o
                0x00009dc4                OSSemPost
 .text.OS_SemDbgListAdd
                0x0000a004       0x50 ./kernel/source/os_sem.o
                0x0000a004                OS_SemDbgListAdd
 .text.OSStatReset
                0x0000a054      0x144 ./kernel/source/os_stat.o
                0x0000a054                OSStatReset
 .text.OS_StatTask
                0x0000a198      0x2d4 ./kernel/source/os_stat.o
                0x0000a198                OS_StatTask
 .text.OS_StatTaskInit
                0x0000a46c       0x78 ./kernel/source/os_stat.o
                0x0000a46c                OS_StatTaskInit
 .text.OS_StatTickInit
                0x0000a4e4       0x18 ./kernel/source/os_stat.o
                0x0000a4e4                OS_StatTickInit
 .text.OS_StatIdleEnterNotify
                0x0000a4fc       0x18 ./kernel/source/os_stat.o
                0x0000a4fc                OS_StatIdleEnterNotify
 .text.OS_StatIdleExitNotify
                0x0000a514       0x44 ./kernel/source/os_stat.o
                0x0000a514                OS_StatIdleExitNotify
 .text.OSTaskCreate
                0x0000a558      0x4a8 ./kernel/source/os_task.o
                0x0000a558                OSTaskCreate
 .text.OSTaskDel
                0x0000aa00      0x2c8 ./kernel/source/os_task.o
                0x0000aa00                OSTaskDel
 .text.OSTaskStkChk
                0x0000acc8      0x1dc ./kernel/source/os_task.o
                0x0000acc8                OSTaskStkChk
 .text.OSTaskStkRedzoneChk
                0x0000aea4       0x5c ./kernel/source/os_task.o
                0x0000aea4                OSTaskStkRedzoneChk
 .text.OS_TaskDbgListAdd
                0x0000af00       0x4c ./kernel/source/os_task.o
                0x0000af00                OS_TaskDbgListAdd
 .text.OS_TaskDbgListRemove
                0x0000af4c       0x84 ./kernel/source/os_task.o
                0x0000af4c                OS_TaskDbgListRemove
 .text.OS_TaskInit
                0x0000afd0       0x6c ./kernel/source/os_task.o
                0x0000afd0                OS_TaskInit
 .text.OS_TaskInitTCB
                0x0000b03c      0x1a4 ./kernel/source/os_task.o
                0x0000b03c                OS_TaskInitTCB
 .text.OS_TaskReturn
                0x0000b1e0       0x28 ./kernel/source/os_task.o
                0x0000b1e0                OS_TaskReturn
 .text.OS_TaskStkRedzoneChk
                0x0000b208       0x44 ./kernel/source/os_task.o
                0x0000b208                OS_TaskStkRedzoneChk
 .text.OS_TaskStkRedzoneInit
                0x0000b24c       0x38 ./kernel/source/os_task.o
                0x0000b24c                OS_TaskStkRedzoneInit
 .text.OS_TaskChangePrio
                0x0000b284      0x178 ./kernel/source/os_task.o
                0x0000b284                OS_TaskChangePrio
 .text.OSTimeTickRateHzGet
                0x0000b3fc       0x54 ./kernel/source/os_time.o
                0x0000b3fc                OSTimeTickRateHzGet
 .text.OSTimeDly
                0x0000b450      0x3c0 ./kernel/source/os_time.o
                0x0000b450                OSTimeDly
 .text.OSTmrCreate
                0x0000b810      0x200 ./kernel/source/os_tmr.o
                0x0000b810                OSTmrCreate
 .text.OSTmrStart
                0x0000ba10      0x260 ./kernel/source/os_tmr.o
                0x0000ba10                OSTmrStart
 .text.OS_TmrDbgListAdd
                0x0000bc70       0x44 ./kernel/source/os_tmr.o
                0x0000bc70                OS_TmrDbgListAdd
 .text.OS_TmrInit
                0x0000bcb4      0x104 ./kernel/source/os_tmr.o
                0x0000bcb4                OS_TmrInit
 .text.OS_TmrUnlink
                0x0000bdb8       0x80 ./kernel/source/os_tmr.o
                0x0000bdb8                OS_TmrUnlink
 .text.OS_TmrTask
                0x0000be38       0xd4 ./kernel/source/os_tmr.o
                0x0000be38                OS_TmrTask
 .text.OS_TmrLock
                0x0000bf0c       0x28 ./kernel/source/os_tmr.o
 .text.OS_TmrUnlock
                0x0000bf34       0x20 ./kernel/source/os_tmr.o
 .text          0x0000bf54       0x18 ./ports/source/gnu/armv7m_cpu_a.o
                0x0000bf54                CPU_CntLeadZeros
                0x0000bf5a                CPU_CntTrailZeros
                0x0000bf64                CPU_RevBits
 .text          0x0000bf6c      0x14c ./ports/source/gnu/armv7m_os_cpu_a.o
                0x0000bf6c                OSStartHighRdy
                0x0000bfea                OSCtxSw
                0x0000bff4                OSIntCtxSw
                0x0000bffe                PendSV_Handler
 .text.OSIdleContext
                0x0000c0b8        0xc ./ports/source/gnu/armv7m_os_cpu_c.o
                0x0000c0b8                OSIdleContext
 .text.OSInitHook
                0x0000c0c4       0x5c ./ports/source/gnu/armv7m_os_cpu_c.o
                0x0000c0c4                OSInitHook
 .text.OSRedzoneHitHook
                0x0000c120       0x20 ./ports/source/gnu/armv7m_os_cpu_c.o
                0x0000c120                OSRedzoneHitHook
 .text.OSStatTaskHook
                0x0000c140        0xe ./ports/source/gnu/armv7m_os_cpu_c.o
                0x0000c140                OSStatTaskHook
 .text.OSTaskCreateHook
                0x0000c14e       0x14 ./ports/source/gnu/armv7m_os_cpu_c.o
                0x0000c14e                OSTaskCreateHook
 .text.OSTaskDelHook
                0x0000c162       0x14 ./ports/source/gnu/armv7m_os_cpu_c.o
                0x0000c162                OSTaskDelHook
 .text.OSTaskReturnHook
                0x0000c176       0x14 ./ports/source/gnu/armv7m_os_cpu_c.o
                0x0000c176                OSTaskReturnHook
 *fill*         0x0000c18a        0x2 
 .text.OSTaskStkInit
                0x0000c18c      0x118 ./ports/source/gnu/armv7m_os_cpu_c.o
                0x0000c18c                OSTaskStkInit
 .text.OSTaskSwHook
                0x0000c2a4       0x6c ./ports/source/gnu/armv7m_os_cpu_c.o
                0x0000c2a4                OSTaskSwHook
 .text.sl_sleeptimer_init
                0x0000c310       0x94 ./service/sl_sleeptimer.o
                0x0000c310                sl_sleeptimer_init
 .text.sl_sleeptimer_start_timer
                0x0000c3a4       0x56 ./service/sl_sleeptimer.o
                0x0000c3a4                sl_sleeptimer_start_timer
 *fill*         0x0000c3fa        0x2 
 .text.sl_sleeptimer_stop_timer
                0x0000c3fc       0x7c ./service/sl_sleeptimer.o
                0x0000c3fc                sl_sleeptimer_stop_timer
 .text.sl_sleeptimer_is_timer_running
                0x0000c478       0x6c ./service/sl_sleeptimer.o
                0x0000c478                sl_sleeptimer_is_timer_running
 .text.sl_sleeptimer_get_timer_time_remaining
                0x0000c4e4       0xb4 ./service/sl_sleeptimer.o
                0x0000c4e4                sl_sleeptimer_get_timer_time_remaining
 .text.sl_sleeptimer_get_tick_count
                0x0000c598       0x22 ./service/sl_sleeptimer.o
                0x0000c598                sl_sleeptimer_get_tick_count
 *fill*         0x0000c5ba        0x2 
 .text.sl_sleeptimer_get_timer_frequency
                0x0000c5bc       0x18 ./service/sl_sleeptimer.o
                0x0000c5bc                sl_sleeptimer_get_timer_frequency
 .text.process_timer_irq
                0x0000c5d4      0x174 ./service/sl_sleeptimer.o
                0x0000c5d4                process_timer_irq
 .text.delta_list_insert_timer
                0x0000c748       0xbc ./service/sl_sleeptimer.o
 .text.delta_list_remove_timer
                0x0000c804       0x7c ./service/sl_sleeptimer.o
 .text.set_comparator_for_next_timer
                0x0000c880       0x30 ./service/sl_sleeptimer.o
 .text.update_first_timer_delta
                0x0000c8b0       0x70 ./service/sl_sleeptimer.o
 .text.create_timer
                0x0000c920       0x9c ./service/sl_sleeptimer.o
 .text.__NVIC_EnableIRQ
                0x0000c9bc       0x3c ./service/sl_sleeptimer_hal_rtcc.o
 .text.__NVIC_ClearPendingIRQ
                0x0000c9f8       0x3c ./service/sl_sleeptimer_hal_rtcc.o
 .text.RTCC_ChannelCompareValueGet
                0x0000ca34       0x38 ./service/sl_sleeptimer_hal_rtcc.o
 .text.RTCC_ChannelCompareValueSet
                0x0000ca6c       0x3c ./service/sl_sleeptimer_hal_rtcc.o
 .text.RTCC_ChannelCCVGet
                0x0000caa8       0x18 ./service/sl_sleeptimer_hal_rtcc.o
 .text.RTCC_ChannelCCVSet
                0x0000cac0       0x1a ./service/sl_sleeptimer_hal_rtcc.o
 *fill*         0x0000cada        0x2 
 .text.RTCC_CounterGet
                0x0000cadc       0x18 ./service/sl_sleeptimer_hal_rtcc.o
 .text.RTCC_CounterSet
                0x0000caf4       0x20 ./service/sl_sleeptimer_hal_rtcc.o
 .text.RTCC_IntClear
                0x0000cb14       0x20 ./service/sl_sleeptimer_hal_rtcc.o
 .text.RTCC_IntDisable
                0x0000cb34       0x28 ./service/sl_sleeptimer_hal_rtcc.o
 .text.RTCC_IntEnable
                0x0000cb5c       0x24 ./service/sl_sleeptimer_hal_rtcc.o
 .text.RTCC_IntGet
                0x0000cb80       0x18 ./service/sl_sleeptimer_hal_rtcc.o
 .text.SL_Log2ToDiv
                0x0000cb98       0x2c ./service/sl_sleeptimer_hal_rtcc.o
 .text.CMU_PrescToLog2
                0x0000cbc4       0x54 ./service/sl_sleeptimer_hal_rtcc.o
 .text.sleeptimer_hal_init_timer
                0x0000cc18       0x94 ./service/sl_sleeptimer_hal_rtcc.o
                0x0000cc18                sleeptimer_hal_init_timer
 .text.sleeptimer_hal_get_counter
                0x0000ccac        0xe ./service/sl_sleeptimer_hal_rtcc.o
                0x0000ccac                sleeptimer_hal_get_counter
 .text.sleeptimer_hal_get_compare
                0x0000ccba       0x10 ./service/sl_sleeptimer_hal_rtcc.o
                0x0000ccba                sleeptimer_hal_get_compare
 *fill*         0x0000ccca        0x2 
 .text.sleeptimer_hal_set_compare
                0x0000cccc       0x9c ./service/sl_sleeptimer_hal_rtcc.o
                0x0000cccc                sleeptimer_hal_set_compare
 .text.sleeptimer_hal_enable_int
                0x0000cd68       0x40 ./service/sl_sleeptimer_hal_rtcc.o
                0x0000cd68                sleeptimer_hal_enable_int
 .text.sleeptimer_hal_disable_int
                0x0000cda8       0x5c ./service/sl_sleeptimer_hal_rtcc.o
                0x0000cda8                sleeptimer_hal_disable_int
 .text.RTCC_IRQHandler
                0x0000ce04       0x5c ./service/sl_sleeptimer_hal_rtcc.o
                0x0000ce04                RTCC_IRQHandler
 .text.sleeptimer_hal_get_timer_frequency
                0x0000ce60       0x20 ./service/sl_sleeptimer_hal_rtcc.o
                0x0000ce60                sleeptimer_hal_get_timer_frequency
 .text.get_time_diff
                0x0000ce80       0x1c ./service/sl_sleeptimer_hal_rtcc.o
 .text.app_peripheral_setup
                0x0000ce9c       0x10 ./src/app.o
                0x0000ce9c                app_peripheral_setup
 .text.cmu_open
                0x0000ceac       0x14 ./src/cmu.o
                0x0000ceac                cmu_open
 .text.gpio_open
                0x0000cec0       0x48 ./src/gpio.o
                0x0000cec0                gpio_open
 .text.__NVIC_EnableIRQ
                0x0000cf08       0x3c ./src/main.o
 .text.SYSTEM_GetProdRev
                0x0000cf44       0x1c ./src/main.o
 .text.BUS_RegBitRead
                0x0000cf60       0x2a ./src/main.o
 .text.BUS_RegMaskedSet
                0x0000cf8a       0x24 ./src/main.o
 .text.BUS_RegMaskedClear
                0x0000cfae       0x24 ./src/main.o
 *fill*         0x0000cfd2        0x2 
 .text.GPIO_IntClear
                0x0000cfd4       0x20 ./src/main.o
 .text.GPIO_IntGet
                0x0000cff4       0x18 ./src/main.o
 .text.GPIO_PinInGet
                0x0000d00c       0xc8 ./src/main.o
 .text.GPIO_PinOutClear
                0x0000d0d4       0xd0 ./src/main.o
 .text.GPIO_PinOutSet
                0x0000d1a4       0xd0 ./src/main.o
 .text.GPIO_IntConfig
                0x0000d274       0x36 ./src/main.o
 *fill*         0x0000d2aa        0x2 
 .text.CHIP_Init
                0x0000d2ac       0x84 ./src/main.o
 .text.EMU_EnterEM1
                0x0000d330       0x20 ./src/main.o
 .text.SysTick_Handler
                0x0000d350       0x1c ./src/main.o
                0x0000d350                SysTick_Handler
 .text.Btn0     0x0000d36c       0x28 ./src/main.o
 .text.Btn1     0x0000d394       0x28 ./src/main.o
 .text.Sld      0x0000d3bc       0x9c ./src/main.o
 .text.GPIO_EVEN_IRQHandler
                0x0000d458       0x58 ./src/main.o
                0x0000d458                GPIO_EVEN_IRQHandler
 .text.GPIO_ODD_IRQHandler
                0x0000d4b0       0x58 ./src/main.o
                0x0000d4b0                GPIO_ODD_IRQHandler
 .text.main     0x0000d508      0x1f4 ./src/main.o
                0x0000d508                main
 .text.MyCallback
                0x0000d6fc       0x30 ./src/main.o
 .text.Ex_MainStartTask
                0x0000d72c       0xe0 ./src/main.o
 .text.Ex_ButtonInputTask
                0x0000d80c       0xe8 ./src/main.o
 .text.Ex_SliderInputTask
                0x0000d8f4       0x8c ./src/main.o
 .text.Ex_LEDsOutputTask
                0x0000d980      0x1a8 ./src/main.o
 .text.EX_IdleTask
                0x0000db28       0x1e ./src/main.o
 *fill*         0x0000db46        0x2 
 .text          0x0000db48       0x30 c:/siliconlabs/simplicitystudio/v4/developer/toolchains/gnu_arm/7.2_2017q4/bin/../lib/gcc/arm-none-eabi/7.2.1/thumb/v7e-m/fpv4-sp/softfp\libgcc.a(_aeabi_uldivmod.o)
                0x0000db48                __aeabi_uldivmod
 .text          0x0000db78      0x2cc c:/siliconlabs/simplicitystudio/v4/developer/toolchains/gnu_arm/7.2_2017q4/bin/../lib/gcc/arm-none-eabi/7.2.1/thumb/v7e-m/fpv4-sp/softfp\libgcc.a(_udivmoddi4.o)
                0x0000db78                __udivmoddi4
 .text          0x0000de44        0x4 c:/siliconlabs/simplicitystudio/v4/developer/toolchains/gnu_arm/7.2_2017q4/bin/../lib/gcc/arm-none-eabi/7.2.1/thumb/v7e-m/fpv4-sp/softfp\libgcc.a(_dvmd_tls.o)
                0x0000de44                __aeabi_idiv0
                0x0000de44                __aeabi_ldiv0
 .text.exit     0x0000de48       0x28 c:/siliconlabs/simplicitystudio/v4/developer/toolchains/gnu_arm/7.2_2017q4/bin/../lib/gcc/arm-none-eabi/7.2.1/../../../../arm-none-eabi/lib/thumb/v7e-m/fpv4-sp/softfp\libc_nano.a(lib_a-exit.o)
                0x0000de48                exit
 .text.__libc_init_array
                0x0000de70       0x48 c:/siliconlabs/simplicitystudio/v4/developer/toolchains/gnu_arm/7.2_2017q4/bin/../lib/gcc/arm-none-eabi/7.2.1/../../../../arm-none-eabi/lib/thumb/v7e-m/fpv4-sp/softfp\libc_nano.a(lib_a-init.o)
                0x0000de70                __libc_init_array
 .text.memcpy   0x0000deb8       0x16 c:/siliconlabs/simplicitystudio/v4/developer/toolchains/gnu_arm/7.2_2017q4/bin/../lib/gcc/arm-none-eabi/7.2.1/../../../../arm-none-eabi/lib/thumb/v7e-m/fpv4-sp/softfp\libc_nano.a(lib_a-memcpy-stub.o)
                0x0000deb8                memcpy
 .text.memset   0x0000dece       0x10 c:/siliconlabs/simplicitystudio/v4/developer/toolchains/gnu_arm/7.2_2017q4/bin/../lib/gcc/arm-none-eabi/7.2.1/../../../../arm-none-eabi/lib/thumb/v7e-m/fpv4-sp/softfp\libc_nano.a(lib_a-memset.o)
                0x0000dece                memset
 .text.strcpy   0x0000dede       0x10 c:/siliconlabs/simplicitystudio/v4/developer/toolchains/gnu_arm/7.2_2017q4/bin/../lib/gcc/arm-none-eabi/7.2.1/../../../../arm-none-eabi/lib/thumb/v7e-m/fpv4-sp/softfp\libc_nano.a(lib_a-strcpy.o)
                0x0000dede                strcpy
 *(.init)
 *fill*         0x0000deee        0x2 
 .init          0x0000def0        0x4 c:/siliconlabs/simplicitystudio/v4/developer/toolchains/gnu_arm/7.2_2017q4/bin/../lib/gcc/arm-none-eabi/7.2.1/thumb/v7e-m/fpv4-sp/softfp/crti.o
                0x0000def0                _init
 .init          0x0000def4        0x8 c:/siliconlabs/simplicitystudio/v4/developer/toolchains/gnu_arm/7.2_2017q4/bin/../lib/gcc/arm-none-eabi/7.2.1/thumb/v7e-m/fpv4-sp/softfp/crtn.o
 *(.fini)
 .fini          0x0000defc        0x4 c:/siliconlabs/simplicitystudio/v4/developer/toolchains/gnu_arm/7.2_2017q4/bin/../lib/gcc/arm-none-eabi/7.2.1/thumb/v7e-m/fpv4-sp/softfp/crti.o
                0x0000defc                _fini
 .fini          0x0000df00        0x8 c:/siliconlabs/simplicitystudio/v4/developer/toolchains/gnu_arm/7.2_2017q4/bin/../lib/gcc/arm-none-eabi/7.2.1/thumb/v7e-m/fpv4-sp/softfp/crtn.o
 *crtbegin.o(.ctors)
 *crtbegin?.o(.ctors)
 *(EXCLUDE_FILE(*crtend.o *crtend?.o) .ctors)
 *(SORT_BY_NAME(.ctors.*))
 *(.ctors)
 *crtbegin.o(.dtors)
 *crtbegin?.o(.dtors)
 *(EXCLUDE_FILE(*crtend.o *crtend?.o) .dtors)
 *(SORT_BY_NAME(.dtors.*))
 *(.dtors)
 *(.rodata*)
 .rodata.ledArray
                0x0000df08       0x10 ./BSP/bsp_stk_leds.o
 .rodata.dcdcInit
                0x0000df18       0x10 ./BSP/siliconlabs/generic/source/bsp_os.o
 .rodata.channelList
                0x0000df28        0x4 ./Drivers/capsense.o
 .rodata        0x0000df2c       0x18 ./Drivers/capsense.o
 .rodata        0x0000df44       0x17 ./SystemView/SEGGER_RTT.o
 *fill*         0x0000df5b        0x1 
 .rodata._abSync
                0x0000df5c        0xa ./SystemView/SEGGER_SYSVIEW.o
 *fill*         0x0000df66        0x2 
 .rodata        0x0000df68        0x8 ./SystemView/SEGGER_SYSVIEW.o
 .rodata        0x0000df70       0x41 ./SystemView/SEGGER_SYSVIEW_Config_MicriumOSKernel.o
 *fill*         0x0000dfb1        0x3 
 .rodata        0x0000dfb4       0xa3 ./SystemView/SEGGER_SYSVIEW_MicriumOSKernel.o
 *fill*         0x0000e057        0x1 
 .rodata.SYSVIEW_X_OS_TraceAPI
                0x0000e058        0x8 ./SystemView/SEGGER_SYSVIEW_MicriumOSKernel.o
                0x0000e058                SYSVIEW_X_OS_TraceAPI
 .rodata        0x0000e060       0x79 ./common/source/common/common.o
 *fill*         0x0000e0d9        0x3 
 .rodata.__func__.8538
                0x0000e0dc        0xc ./common/source/common/common.o
 .rodata        0x0000e0e8      0x105 ./common/source/kal/kal_kernel.o
 *fill*         0x0000e1ed        0x3 
 .rodata.__func__.8856
                0x0000e1f0        0x9 ./common/source/kal/kal_kernel.o
 *fill*         0x0000e1f9        0x3 
 .rodata        0x0000e1fc       0x77 ./common/source/lib/lib_mem.o
 *fill*         0x0000e273        0x1 
 .rodata.__func__.8643
                0x0000e274        0xb ./common/source/lib/lib_mem.o
 *fill*         0x0000e27f        0x1 
 .rodata.__func__.8709
                0x0000e280       0x12 ./common/source/lib/lib_mem.o
 *fill*         0x0000e292        0x2 
 .rodata.__func__.8746
                0x0000e294       0x12 ./common/source/lib/lib_mem.o
 *fill*         0x0000e2a6        0x2 
 .rodata.__func__.8756
                0x0000e2a8       0x13 ./common/source/lib/lib_mem.o
 *fill*         0x0000e2bb        0x1 
 .rodata.__func__.8803
                0x0000e2bc       0x15 ./common/source/lib/lib_mem.o
 *fill*         0x0000e2d1        0x3 
 .rodata.__func__.8819
                0x0000e2d4       0x18 ./common/source/lib/lib_mem.o
 .rodata.__func__.8833
                0x0000e2ec       0x1a ./common/source/lib/lib_mem.o
 *fill*         0x0000e306        0x2 
 .rodata        0x0000e308       0xd5 ./common/source/platform_mgr/platform_mgr.o
 *fill*         0x0000e3dd        0x3 
 .rodata.__func__.8597
                0x0000e3e0       0x10 ./common/source/platform_mgr/platform_mgr.o
 .rodata        0x0000e3f0     0x2350 ./common/source/rtos/rtos_err_str.o
 .rodata.RTOS_ErrStrTbl
                0x00010740      0x24c ./common/source/rtos/rtos_err_str.o
                0x00010740                RTOS_ErrStrTbl
 .rodata.RTOS_ErrDescStrTbl
                0x0001098c      0x24c ./common/source/rtos/rtos_err_str.o
                0x0001098c                RTOS_ErrDescStrTbl
 .rodata        0x00010bd8       0x71 ./cpu/source/cpu_core.o
 *fill*         0x00010c49        0x3 
 .rodata.__func__.8503
                0x00010c4c       0x12 ./cpu/source/cpu_core.o
 *fill*         0x00010c5e        0x2 
 .rodata        0x00010c60       0x13 ./emlib/em_acmp.o
 *fill*         0x00010c73        0x1 
 .rodata        0x00010c74       0xde ./emlib/em_cmu.o
 *fill*         0x00010d52        0x2 
 .rodata.flashWsTable
                0x00010d54       0x28 ./emlib/em_cmu.o
 .rodata        0x00010d7c       0x12 ./emlib/em_emu.o
 *fill*         0x00010d8e        0x2 
 .rodata        0x00010d90       0x77 ./emlib/em_gpio.o
 *fill*         0x00010e07        0x1 
 .rodata        0x00010e08       0x13 ./emlib/em_rtcc.o
 *fill*         0x00010e1b        0x1 
 .rodata.OSCfg_StkSizeMin
                0x00010e1c        0x4 ./kernel/source/os_cfg_app.o
                0x00010e1c                OSCfg_StkSizeMin
 .rodata        0x00010e20       0xea ./kernel/source/os_core.o
 *fill*         0x00010f0a        0x2 
 .rodata.__func__.9085
                0x00010f0c        0x7 ./kernel/source/os_core.o
 *fill*         0x00010f13        0x1 
 .rodata.__func__.9110
                0x00010f14        0xc ./kernel/source/os_core.o
 .rodata.__func__.9117
                0x00010f20        0xe ./kernel/source/os_core.o
 *fill*         0x00010f2e        0x2 
 .rodata.__func__.9140
                0x00010f30        0x8 ./kernel/source/os_core.o
 .rodata        0x00010f38       0x7e ./kernel/source/os_flag.o
 *fill*         0x00010fb6        0x2 
 .rodata.__func__.9051
                0x00010fb8        0xd ./kernel/source/os_flag.o
 *fill*         0x00010fc5        0x3 
 .rodata.__func__.9090
                0x00010fc8        0xb ./kernel/source/os_flag.o
 *fill*         0x00010fd3        0x1 
 .rodata.__func__.9151
                0x00010fd4        0xb ./kernel/source/os_flag.o
 *fill*         0x00010fdf        0x1 
 .rodata        0x00010fe0       0x72 ./kernel/source/os_msg.o
 *fill*         0x00011052        0x2 
 .rodata.__func__.9054
                0x00011054        0xf ./kernel/source/os_msg.o
 *fill*         0x00011063        0x1 
 .rodata.__func__.9073
                0x00011064        0xb ./kernel/source/os_msg.o
 *fill*         0x0001106f        0x1 
 .rodata.__func__.9084
                0x00011070        0xb ./kernel/source/os_msg.o
 *fill*         0x0001107b        0x1 
 .rodata        0x0001107c       0x7e ./kernel/source/os_mutex.o
 *fill*         0x000110fa        0x2 
 .rodata.__func__.9050
                0x000110fc        0xe ./kernel/source/os_mutex.o
 *fill*         0x0001110a        0x2 
 .rodata.__func__.9088
                0x0001110c        0xc ./kernel/source/os_mutex.o
 .rodata.__func__.9131
                0x00011118        0xc ./kernel/source/os_mutex.o
 .rodata        0x00011124       0x76 ./kernel/source/os_q.o
 *fill*         0x0001119a        0x2 
 .rodata.__func__.9051
                0x0001119c        0xa ./kernel/source/os_q.o
 *fill*         0x000111a6        0x2 
 .rodata.__func__.9101
                0x000111a8        0x8 ./kernel/source/os_q.o
 .rodata.__func__.9146
                0x000111b0        0x8 ./kernel/source/os_q.o
 .rodata        0x000111b8       0x7e ./kernel/source/os_sem.o
 *fill*         0x00011236        0x2 
 .rodata.__func__.9051
                0x00011238        0xc ./kernel/source/os_sem.o
 .rodata.__func__.9087
                0x00011244        0xa ./kernel/source/os_sem.o
 *fill*         0x0001124e        0x2 
 .rodata.__func__.9129
                0x00011250        0xa ./kernel/source/os_sem.o
 *fill*         0x0001125a        0x2 
 .rodata        0x0001125c       0x87 ./kernel/source/os_stat.o
 *fill*         0x000112e3        0x1 
 .rodata.__func__.9061
                0x000112e4        0xc ./kernel/source/os_stat.o
 .rodata        0x000112f0       0x7e ./kernel/source/os_task.o
 *fill*         0x0001136e        0x2 
 .rodata.__func__.9076
                0x00011370        0xd ./kernel/source/os_task.o
 *fill*         0x0001137d        0x3 
 .rodata.__func__.9099
                0x00011380        0xa ./kernel/source/os_task.o
 *fill*         0x0001138a        0x2 
 .rodata.__func__.9312
                0x0001138c        0xd ./kernel/source/os_task.o
 *fill*         0x00011399        0x3 
 .rodata.__func__.9362
                0x0001139c        0xc ./kernel/source/os_task.o
 .rodata        0x000113a8       0x73 ./kernel/source/os_time.o
 *fill*         0x0001141b        0x1 
 .rodata.__func__.9047
                0x0001141c       0x14 ./kernel/source/os_time.o
 .rodata.__func__.9056
                0x00011430        0xa ./kernel/source/os_time.o
 *fill*         0x0001143a        0x2 
 .rodata        0x0001143c       0xa0 ./kernel/source/os_tmr.o
 .rodata.__func__.9058
                0x000114dc        0xc ./kernel/source/os_tmr.o
 .rodata.__func__.9128
                0x000114e8        0xb ./kernel/source/os_tmr.o
 *fill*         0x000114f3        0x1 
 .rodata        0x000114f4      0x143 ./service/sl_sleeptimer_hal_rtcc.o
 *fill*         0x00011637        0x1 
 .rodata        0x00011638      0x11a ./src/main.o
 *fill*         0x00011752        0x2 
 .rodata._global_impure_ptr
                0x00011754        0x4 c:/siliconlabs/simplicitystudio/v4/developer/toolchains/gnu_arm/7.2_2017q4/bin/../lib/gcc/arm-none-eabi/7.2.1/../../../../arm-none-eabi/lib/thumb/v7e-m/fpv4-sp/softfp\libc_nano.a(lib_a-impure.o)
                0x00011754                _global_impure_ptr
 .rodata.__sf_fake_stderr
                0x00011758       0x20 c:/siliconlabs/simplicitystudio/v4/developer/toolchains/gnu_arm/7.2_2017q4/bin/../lib/gcc/arm-none-eabi/7.2.1/../../../../arm-none-eabi/lib/thumb/v7e-m/fpv4-sp/softfp\libc_nano.a(lib_a-findfp.o)
                0x00011758                __sf_fake_stderr
 .rodata.__sf_fake_stdin
                0x00011778       0x20 c:/siliconlabs/simplicitystudio/v4/developer/toolchains/gnu_arm/7.2_2017q4/bin/../lib/gcc/arm-none-eabi/7.2.1/../../../../arm-none-eabi/lib/thumb/v7e-m/fpv4-sp/softfp\libc_nano.a(lib_a-findfp.o)
                0x00011778                __sf_fake_stdin
 .rodata.__sf_fake_stdout
                0x00011798       0x20 c:/siliconlabs/simplicitystudio/v4/developer/toolchains/gnu_arm/7.2_2017q4/bin/../lib/gcc/arm-none-eabi/7.2.1/../../../../arm-none-eabi/lib/thumb/v7e-m/fpv4-sp/softfp\libc_nano.a(lib_a-findfp.o)
                0x00011798                __sf_fake_stdout
 *(.eh_frame*)
 .eh_frame      0x000117b8        0x0 c:/siliconlabs/simplicitystudio/v4/developer/toolchains/gnu_arm/7.2_2017q4/bin/../lib/gcc/arm-none-eabi/7.2.1/thumb/v7e-m/fpv4-sp/softfp/crtbegin.o
 .eh_frame      0x000117b8        0x4 c:/siliconlabs/simplicitystudio/v4/developer/toolchains/gnu_arm/7.2_2017q4/bin/../lib/gcc/arm-none-eabi/7.2.1/thumb/v7e-m/fpv4-sp/softfp/crtend.o

.glue_7         0x000117bc        0x0
 .glue_7        0x000117bc        0x0 linker stubs

.glue_7t        0x000117bc        0x0
 .glue_7t       0x000117bc        0x0 linker stubs

.vfp11_veneer   0x000117bc        0x0
 .vfp11_veneer  0x000117bc        0x0 linker stubs

.v4_bx          0x000117bc        0x0
 .v4_bx         0x000117bc        0x0 linker stubs

.iplt           0x000117bc        0x0
 .iplt          0x000117bc        0x0 c:/siliconlabs/simplicitystudio/v4/developer/toolchains/gnu_arm/7.2_2017q4/bin/../lib/gcc/arm-none-eabi/7.2.1/thumb/v7e-m/fpv4-sp/softfp/crtbegin.o

.ARM.extab
 *(.ARM.extab* .gnu.linkonce.armextab.*)
                0x000117bc                __exidx_start = .

.ARM.exidx      0x000117bc        0x8
 *(.ARM.exidx* .gnu.linkonce.armexidx.*)
 .ARM.exidx     0x000117bc        0x8 c:/siliconlabs/simplicitystudio/v4/developer/toolchains/gnu_arm/7.2_2017q4/bin/../lib/gcc/arm-none-eabi/7.2.1/../../../../arm-none-eabi/lib/thumb/v7e-m/fpv4-sp/softfp/crt0.o
 .ARM.exidx     0x000117c4        0x0 c:/siliconlabs/simplicitystudio/v4/developer/toolchains/gnu_arm/7.2_2017q4/bin/../lib/gcc/arm-none-eabi/7.2.1/thumb/v7e-m/fpv4-sp/softfp\libgcc.a(_udivmoddi4.o)
                                  0x8 (size before relaxing)
                0x000117c4                __exidx_end = .
                0x000117c4                __etext = .

.rel.dyn        0x000117c4        0x0
 .rel.iplt      0x000117c4        0x0 c:/siliconlabs/simplicitystudio/v4/developer/toolchains/gnu_arm/7.2_2017q4/bin/../lib/gcc/arm-none-eabi/7.2.1/thumb/v7e-m/fpv4-sp/softfp/crtbegin.o

.data           0x20000000      0x124 load address 0x000117c4
                0x20000000                __data_start__ = .
 *(vtable)
 *(.data*)
 .data.SystemHFXOClock
                0x20000000        0x4 ./CMSIS/EFM32PG12B/system_efm32pg12b.o
 .data.SystemLFXOClock
                0x20000004        0x4 ./CMSIS/EFM32PG12B/system_efm32pg12b.o
 .data.SystemCoreClock
                0x20000008        0x4 ./CMSIS/EFM32PG12B/system_efm32pg12b.o
                0x20000008                SystemCoreClock
 .data.SystemHfrcoFreq
                0x2000000c        0x4 ./CMSIS/EFM32PG12B/system_efm32pg12b.o
                0x2000000c                SystemHfrcoFreq
 .data.Mem_SegHeap
                0x20000010       0x14 ./common/source/lib/lib_mem.o
                0x20000010                Mem_SegHeap
 .data.PlatformMgr_InitCfg
                0x20000024        0x8 ./common/source/platform_mgr/platform_mgr.o
 .data.auxHfrcoFreq
                0x2000002c        0x4 ./emlib/em_cmu.o
 .data.OS_InitCfg
                0x20000030       0x38 ./kernel/source/os_core.o
 .data.OSDbg_DbgEn
                0x20000068        0x1 ./kernel/source/os_dbg.o
                0x20000068                OSDbg_DbgEn
 .data.OSDbg_ArgChkEn
                0x20000069        0x1 ./kernel/source/os_dbg.o
                0x20000069                OSDbg_ArgChkEn
 *fill*         0x2000006a        0x2 
 .data.OSDbg_EndiannessTest
                0x2000006c        0x4 ./kernel/source/os_dbg.o
                0x2000006c                OSDbg_EndiannessTest
 .data.OSDbg_FlagEn
                0x20000070        0x1 ./kernel/source/os_dbg.o
                0x20000070                OSDbg_FlagEn
 *fill*         0x20000071        0x1 
 .data.OSDbg_FlagGrpSize
                0x20000072        0x2 ./kernel/source/os_dbg.o
                0x20000072                OSDbg_FlagGrpSize
 .data.OSDbg_FlagWidth
                0x20000074        0x2 ./kernel/source/os_dbg.o
                0x20000074                OSDbg_FlagWidth
 .data.OSDbg_MsgEn
                0x20000076        0x1 ./kernel/source/os_dbg.o
                0x20000076                OSDbg_MsgEn
 *fill*         0x20000077        0x1 
 .data.OSDbg_MsgSize
                0x20000078        0x2 ./kernel/source/os_dbg.o
                0x20000078                OSDbg_MsgSize
 .data.OSDbg_MsgPoolSize
                0x2000007a        0x2 ./kernel/source/os_dbg.o
                0x2000007a                OSDbg_MsgPoolSize
 .data.OSDbg_MsgQSize
                0x2000007c        0x2 ./kernel/source/os_dbg.o
                0x2000007c                OSDbg_MsgQSize
 .data.OSDbg_MutexEn
                0x2000007e        0x1 ./kernel/source/os_dbg.o
                0x2000007e                OSDbg_MutexEn
 *fill*         0x2000007f        0x1 
 .data.OSDbg_MutexSize
                0x20000080        0x2 ./kernel/source/os_dbg.o
                0x20000080                OSDbg_MutexSize
 .data.OSDbg_PendListSize
                0x20000082        0x2 ./kernel/source/os_dbg.o
                0x20000082                OSDbg_PendListSize
 .data.OSDbg_PendObjSize
                0x20000084        0x2 ./kernel/source/os_dbg.o
                0x20000084                OSDbg_PendObjSize
 .data.OSDbg_PrioMax
                0x20000086        0x2 ./kernel/source/os_dbg.o
                0x20000086                OSDbg_PrioMax
 .data.OSDbg_PrioTblSize
                0x20000088        0x2 ./kernel/source/os_dbg.o
                0x20000088                OSDbg_PrioTblSize
 .data.OSDbg_PtrSize
                0x2000008a        0x2 ./kernel/source/os_dbg.o
                0x2000008a                OSDbg_PtrSize
 .data.OSDbg_QEn
                0x2000008c        0x1 ./kernel/source/os_dbg.o
                0x2000008c                OSDbg_QEn
 *fill*         0x2000008d        0x1 
 .data.OSDbg_QSize
                0x2000008e        0x2 ./kernel/source/os_dbg.o
                0x2000008e                OSDbg_QSize
 .data.OSDbg_SchedRoundRobinEn
                0x20000090        0x1 ./kernel/source/os_dbg.o
                0x20000090                OSDbg_SchedRoundRobinEn
 .data.OSDbg_SemEn
                0x20000091        0x1 ./kernel/source/os_dbg.o
                0x20000091                OSDbg_SemEn
 .data.OSDbg_SemSize
                0x20000092        0x2 ./kernel/source/os_dbg.o
                0x20000092                OSDbg_SemSize
 .data.OSDbg_RdyList
                0x20000094        0x2 ./kernel/source/os_dbg.o
                0x20000094                OSDbg_RdyList
 *fill*         0x20000096        0x2 
 .data.OSDbg_RdyListSize
                0x20000098        0x4 ./kernel/source/os_dbg.o
                0x20000098                OSDbg_RdyListSize
 .data.OSDbg_StkWidth
                0x2000009c        0x1 ./kernel/source/os_dbg.o
                0x2000009c                OSDbg_StkWidth
 .data.OSDbg_StatTaskEn
                0x2000009d        0x1 ./kernel/source/os_dbg.o
                0x2000009d                OSDbg_StatTaskEn
 .data.OSDbg_StatTaskStkChkEn
                0x2000009e        0x1 ./kernel/source/os_dbg.o
                0x2000009e                OSDbg_StatTaskStkChkEn
 .data.OSDbg_TaskChangePrioEn
                0x2000009f        0x1 ./kernel/source/os_dbg.o
                0x2000009f                OSDbg_TaskChangePrioEn
 .data.OSDbg_TaskDelEn
                0x200000a0        0x1 ./kernel/source/os_dbg.o
                0x200000a0                OSDbg_TaskDelEn
 .data.OSDbg_TaskQEn
                0x200000a1        0x1 ./kernel/source/os_dbg.o
                0x200000a1                OSDbg_TaskQEn
 .data.OSDbg_TaskProfileEn
                0x200000a2        0x1 ./kernel/source/os_dbg.o
                0x200000a2                OSDbg_TaskProfileEn
 *fill*         0x200000a3        0x1 
 .data.OSDbg_TaskRegTblSize
                0x200000a4        0x2 ./kernel/source/os_dbg.o
                0x200000a4                OSDbg_TaskRegTblSize
 .data.OSDbg_TaskSuspendEn
                0x200000a6        0x1 ./kernel/source/os_dbg.o
                0x200000a6                OSDbg_TaskSuspendEn
 *fill*         0x200000a7        0x1 
 .data.OSDbg_TCBSize
                0x200000a8        0x2 ./kernel/source/os_dbg.o
                0x200000a8                OSDbg_TCBSize
 .data.OSDbg_TickListSize
                0x200000aa        0x2 ./kernel/source/os_dbg.o
                0x200000aa                OSDbg_TickListSize
 .data.OSDbg_TmrEn
                0x200000ac        0x1 ./kernel/source/os_dbg.o
                0x200000ac                OSDbg_TmrEn
 *fill*         0x200000ad        0x1 
 .data.OSDbg_TmrSize
                0x200000ae        0x2 ./kernel/source/os_dbg.o
                0x200000ae                OSDbg_TmrSize
 .data.OSDbg_VersionNbr
                0x200000b0        0x2 ./kernel/source/os_dbg.o
                0x200000b0                OSDbg_VersionNbr
 *fill*         0x200000b2        0x2 
 .data.OSDbg_DataSize
                0x200000b4        0x4 ./kernel/source/os_dbg.o
                0x200000b4                OSDbg_DataSize
 .data.cc_disabled
                0x200000b8        0x1 ./service/sl_sleeptimer_hal_rtcc.o
 *fill*         0x200000b9        0x3 
 .data.impure_data
                0x200000bc       0x60 c:/siliconlabs/simplicitystudio/v4/developer/toolchains/gnu_arm/7.2_2017q4/bin/../lib/gcc/arm-none-eabi/7.2.1/../../../../arm-none-eabi/lib/thumb/v7e-m/fpv4-sp/softfp\libc_nano.a(lib_a-impure.o)
                0x2000011c                . = ALIGN (0x4)
                [!provide]                PROVIDE (__ram_func_section_start, .)
 *(.ram)
                [!provide]                PROVIDE (__ram_func_section_end, .)
                0x2000011c                . = ALIGN (0x4)
                0x2000011c                PROVIDE (__preinit_array_start, .)
 *(.preinit_array)
                0x2000011c                PROVIDE (__preinit_array_end, .)
                0x2000011c                . = ALIGN (0x4)
                0x2000011c                PROVIDE (__init_array_start, .)
 *(SORT_BY_NAME(.init_array.*))
 *(.init_array)
 .init_array    0x2000011c        0x4 c:/siliconlabs/simplicitystudio/v4/developer/toolchains/gnu_arm/7.2_2017q4/bin/../lib/gcc/arm-none-eabi/7.2.1/thumb/v7e-m/fpv4-sp/softfp/crtbegin.o
                0x20000120                PROVIDE (__init_array_end, .)
                0x20000120                . = ALIGN (0x4)
                [!provide]                PROVIDE (__fini_array_start, .)
 *(SORT_BY_NAME(.fini_array.*))
 *(.fini_array)
 .fini_array    0x20000120        0x4 c:/siliconlabs/simplicitystudio/v4/developer/toolchains/gnu_arm/7.2_2017q4/bin/../lib/gcc/arm-none-eabi/7.2.1/thumb/v7e-m/fpv4-sp/softfp/crtbegin.o
                [!provide]                PROVIDE (__fini_array_end, .)
 *(.jcr*)
                0x20000124                . = ALIGN (0x4)
                0x20000124                __data_end__ = .

.igot.plt       0x20000124        0x0 load address 0x000118e8
 .igot.plt      0x20000124        0x0 c:/siliconlabs/simplicitystudio/v4/developer/toolchains/gnu_arm/7.2_2017q4/bin/../lib/gcc/arm-none-eabi/7.2.1/thumb/v7e-m/fpv4-sp/softfp/crtbegin.o

.bss            0x20000124     0xa980 load address 0x000118e8
                0x20000124                . = ALIGN (0x4)
                0x20000124                __bss_start__ = .
 *(.bss*)
 .bss           0x20000124       0x1c c:/siliconlabs/simplicitystudio/v4/developer/toolchains/gnu_arm/7.2_2017q4/bin/../lib/gcc/arm-none-eabi/7.2.1/thumb/v7e-m/fpv4-sp/softfp/crtbegin.o
 .bss.currentChannel
                0x20000140        0x1 ./Drivers/capsense.o
 .bss.measurementComplete
                0x20000141        0x1 ./Drivers/capsense.o
 *fill*         0x20000142        0x2 
 .bss.channelValues
                0x20000144       0x10 ./Drivers/capsense.o
 .bss.channelMaxValues
                0x20000154       0x10 ./Drivers/capsense.o
 .bss._acUpBuffer
                0x20000164      0x400 ./SystemView/SEGGER_RTT.o
 .bss._acDownBuffer
                0x20000564       0x10 ./SystemView/SEGGER_RTT.o
 .bss._UpBuffer
                0x20000574     0x4000 ./SystemView/SEGGER_SYSVIEW.o
 .bss._DownBuffer
                0x20004574        0x8 ./SystemView/SEGGER_SYSVIEW.o
 .bss._SYSVIEW_Globals
                0x2000457c       0x28 ./SystemView/SEGGER_SYSVIEW.o
 .bss._pFirstModule
                0x200045a4        0x4 ./SystemView/SEGGER_SYSVIEW.o
 .bss._NumModules
                0x200045a8        0x1 ./SystemView/SEGGER_SYSVIEW.o
 *fill*         0x200045a9        0x3 
 .bss._aPacket  0x200045ac       0xe3 ./SystemView/SEGGER_SYSVIEW.o
 *fill*         0x2000468f        0x1 
 .bss._aTasks   0x20004690      0x280 ./SystemView/SEGGER_SYSVIEW_MicriumOSKernel.o
 .bss._NumTasks
                0x20004910        0x4 ./SystemView/SEGGER_SYSVIEW_MicriumOSKernel.o
 .bss._aResources
                0x20004914      0xc00 ./SystemView/SEGGER_SYSVIEW_MicriumOSKernel.o
 .bss._NumResources
                0x20005514        0x4 ./SystemView/SEGGER_SYSVIEW_MicriumOSKernel.o
 .bss.Common_IsInit
                0x20005518        0x1 ./common/source/common/common.o
 *fill*         0x20005519        0x3 
 .bss.Common_InitCfg
                0x2000551c        0x4 ./common/source/common/common.o
 .bss.KAL_DataPtr
                0x20005520        0x4 ./common/source/kal/kal_kernel.o
 .bss.Math_RandSeedCur
                0x20005524        0x4 ./common/source/lib/lib_math.o
 .bss.PlatformMgrPtr
                0x20005528        0x4 ./common/source/platform_mgr/platform_mgr.o
 .bss.dcdcMaxCurrent_mA
                0x2000552c        0x2 ./emlib/em_emu.o
 .bss.dcdcEm01LoadCurrent_mA
                0x2000552e        0x2 ./emlib/em_emu.o
 .bss.dcdcReverseCurrentControl
                0x20005530        0x2 ./emlib/em_emu.o
 *fill*         0x20005532        0x2 
 .bss.vScaleEM01Config
                0x20005534        0x1 ./emlib/em_emu.o
 *fill*         0x20005535        0x3 
 .bss.OSCfg_ISRStkBasePtr
                0x20005538        0x4 ./kernel/source/os_cfg_app.o
                0x20005538                OSCfg_ISRStkBasePtr
 .bss.OSCfg_ISRStkSize
                0x2000553c        0x4 ./kernel/source/os_cfg_app.o
                0x2000553c                OSCfg_ISRStkSize
 .bss.OSCfg_ISRStkSizeRAM
                0x20005540        0x4 ./kernel/source/os_cfg_app.o
                0x20005540                OSCfg_ISRStkSizeRAM
 .bss.OSCfg_MsgPoolBasePtr
                0x20005544        0x4 ./kernel/source/os_cfg_app.o
                0x20005544                OSCfg_MsgPoolBasePtr
 .bss.OSCfg_MsgPoolSize
                0x20005548        0x2 ./kernel/source/os_cfg_app.o
                0x20005548                OSCfg_MsgPoolSize
 *fill*         0x2000554a        0x2 
 .bss.OSCfg_MsgPoolSizeRAM
                0x2000554c        0x4 ./kernel/source/os_cfg_app.o
                0x2000554c                OSCfg_MsgPoolSizeRAM
 .bss.OSCfg_StatTaskPrio
                0x20005550        0x1 ./kernel/source/os_cfg_app.o
                0x20005550                OSCfg_StatTaskPrio
 *fill*         0x20005551        0x3 
 .bss.OSCfg_StatTaskRate_Hz
                0x20005554        0x4 ./kernel/source/os_cfg_app.o
                0x20005554                OSCfg_StatTaskRate_Hz
 .bss.OSCfg_StatTaskStkBasePtr
                0x20005558        0x4 ./kernel/source/os_cfg_app.o
                0x20005558                OSCfg_StatTaskStkBasePtr
 .bss.OSCfg_StatTaskStkLimit
                0x2000555c        0x4 ./kernel/source/os_cfg_app.o
                0x2000555c                OSCfg_StatTaskStkLimit
 .bss.OSCfg_StatTaskStkSize
                0x20005560        0x4 ./kernel/source/os_cfg_app.o
                0x20005560                OSCfg_StatTaskStkSize
 .bss.OSCfg_StatTaskStkSizeRAM
                0x20005564        0x4 ./kernel/source/os_cfg_app.o
                0x20005564                OSCfg_StatTaskStkSizeRAM
 .bss.OSCfg_TmrTaskPrio
                0x20005568        0x1 ./kernel/source/os_cfg_app.o
                0x20005568                OSCfg_TmrTaskPrio
 *fill*         0x20005569        0x3 
 .bss.OSCfg_TmrTaskRate_Hz
                0x2000556c        0x4 ./kernel/source/os_cfg_app.o
                0x2000556c                OSCfg_TmrTaskRate_Hz
 .bss.OSCfg_TmrTaskStkBasePtr
                0x20005570        0x4 ./kernel/source/os_cfg_app.o
                0x20005570                OSCfg_TmrTaskStkBasePtr
 .bss.OSCfg_TmrTaskStkLimit
                0x20005574        0x4 ./kernel/source/os_cfg_app.o
                0x20005574                OSCfg_TmrTaskStkLimit
 .bss.OSCfg_TmrTaskStkSize
                0x20005578        0x4 ./kernel/source/os_cfg_app.o
                0x20005578                OSCfg_TmrTaskStkSize
 .bss.OSCfg_TmrTaskStkSizeRAM
                0x2000557c        0x4 ./kernel/source/os_cfg_app.o
                0x2000557c                OSCfg_TmrTaskStkSizeRAM
 .bss.OSCfg_TickRate_Hz
                0x20005580        0x4 ./kernel/source/os_cfg_app.o
                0x20005580                OSCfg_TickRate_Hz
 .bss.OSCfg_DataSizeRAM
                0x20005584        0x4 ./kernel/source/os_cfg_app.o
                0x20005584                OSCfg_DataSizeRAM
 .bss.OSDelayMaxMilli
                0x20005588        0x4 ./kernel/source/os_core.o
                0x20005588                OSDelayMaxMilli
 .bss.OSDelayMaxTick
                0x2000558c        0x4 ./kernel/source/os_core.o
                0x2000558c                OSDelayMaxTick
 .bss.OSDbg_AppHooksEn
                0x20005590        0x1 ./kernel/source/os_dbg.o
                0x20005590                OSDbg_AppHooksEn
 *fill*         0x20005591        0x3 
 .bss.OSDbg_FlagGrp
                0x20005594       0x2c ./kernel/source/os_dbg.o
                0x20005594                OSDbg_FlagGrp
 .bss.OSDbg_FlagModeClrEn
                0x200055c0        0x1 ./kernel/source/os_dbg.o
                0x200055c0                OSDbg_FlagModeClrEn
 *fill*         0x200055c1        0x3 
 .bss.OSDbg_Mutex
                0x200055c4       0x34 ./kernel/source/os_dbg.o
                0x200055c4                OSDbg_Mutex
 .bss.OSDbg_Q   0x200055f8       0x30 ./kernel/source/os_dbg.o
                0x200055f8                OSDbg_Q
 .bss.OSDbg_Sem
                0x20005628       0x2c ./kernel/source/os_dbg.o
                0x20005628                OSDbg_Sem
 .bss.OSDbg_Tmr
                0x20005654       0x30 ./kernel/source/os_dbg.o
                0x20005654                OSDbg_Tmr
 .bss.OSIdleCPUUsage
                0x20005684        0x2 ./kernel/source/os_stat.o
                0x20005684                OSIdleCPUUsage
 *fill*         0x20005686        0x2 
 .bss.OSIdleTotalTick
                0x20005688        0x4 ./kernel/source/os_stat.o
 .bss.OSStatStartTick
                0x2000568c        0x4 ./kernel/source/os_stat.o
 .bss.OSIdleStartTick
                0x20005690        0x4 ./kernel/source/os_stat.o
 .bss.overflow_counter
                0x20005694        0x2 ./service/sl_sleeptimer.o
 *fill*         0x20005696        0x2 
 .bss.timer_frequency
                0x20005698        0x4 ./service/sl_sleeptimer.o
 .bss.timer_head
                0x2000569c        0x4 ./service/sl_sleeptimer.o
 .bss.last_delta_update_count
                0x200056a0        0x4 ./service/sl_sleeptimer.o
 .bss.is_sleeptimer_initialized
                0x200056a4        0x1 ./service/sl_sleeptimer.o
 *fill*         0x200056a5        0x3 
 .bss.max_millisecond_conversion
                0x200056a8        0x4 ./service/sl_sleeptimer.o
 .bss.msTicks   0x200056ac        0x4 ./src/main.o
 .bss.btn0      0x200056b0        0x1 ./src/main.o
 .bss.btn1      0x200056b1        0x1 ./src/main.o
 *fill*         0x200056b2        0x2 
 .bss.sld       0x200056b4        0x4 ./src/main.o
 .bss.Ex_MainStartTaskStk
                0x200056b8      0x800 ./src/main.o
 .bss.Ex_MainStartTaskTCB
                0x20005eb8       0xf4 ./src/main.o
 .bss.Ex_ButtonInputStartTaskStk
                0x20005fac      0x800 ./src/main.o
 .bss.Ex_ButtonInputTaskTCB
                0x200067ac       0xf4 ./src/main.o
 .bss.Ex_SliderInputStartTaskStk
                0x200068a0      0x800 ./src/main.o
 .bss.Ex_SliderInputTaskTCB
                0x200070a0       0xf4 ./src/main.o
 .bss.Ex_LEDsOutputStartTaskStk
                0x20007194      0x800 ./src/main.o
 .bss.Ex_LEDsOutputTaskTCB
                0x20007994       0xf4 ./src/main.o
 .bss.EX_IdleTaskStartTaskStk
                0x20007a88      0x800 ./src/main.o
 .bss.EX_IdleTaskTCB
                0x20008288       0xf4 ./src/main.o
 .bss.Message_Q
                0x2000837c       0x30 ./src/main.o
 .bss.btn_flag  0x200083ac       0x2c ./src/main.o
 .bss.sldSema   0x200083d8       0x2c ./src/main.o
 .bss.os_tmr    0x20008404       0x30 ./src/main.o
 *(COMMON)
 COMMON         0x20008434       0x78 ./SystemView/SEGGER_RTT.o
                0x20008434                _SEGGER_RTT
 COMMON         0x200084ac       0x18 ./SystemView/SEGGER_SYSVIEW_Config_MicriumOSKernel.o
                0x200084ac                local_err
 COMMON         0x200084c4     0x2004 ./common/source/lib/lib_mem.o
                0x200084c4                Mem_SegHeadPtr
                0x200084c8                Mem_Heap
 COMMON         0x2000a4c8        0x4 ./cpu/source/cpu_core.o
                0x2000a4c8                CPU_TS_TmrFreq_Hz
 COMMON         0x2000a4cc       0x10 ./kernel/source/os_cfg_app.o
                0x2000a4cc                OSCfg_StatTaskStk
                0x2000a4d0                OSCfg_MsgPool
                0x2000a4d4                OSCfg_TmrTaskStk
                0x2000a4d8                OSCfg_ISRStk
 COMMON         0x2000a4dc       0x1c ./kernel/source/os_core.o
                0x2000a4dc                OSRoundRobinTimer
                0x2000a4f4                OSRoundRobinCurTCB
 COMMON         0x2000a4f8        0x8 ./kernel/source/os_prio.o
                0x2000a4f8                OSPrioTbl
 COMMON         0x2000a500      0x59c ./kernel/source/os_var.o
                0x2000a500                OSSchedLockNestingCtr
                0x2000a504                OSStatTaskTimeMax
                0x2000a508                OSTaskRegNextAvailID
                0x2000a509                OSRunning
                0x2000a50c                OSRdyList
                0x2000a80c                OSInitialized
                0x2000a80e                OSMonQty
                0x2000a810                OSPrioHighRdy
                0x2000a811                OSStatTaskRdy
                0x2000a814                OSSemDbgListPtr
                0x2000a818                OSPrioCur
                0x2000a81c                OSTmrTickCtr
                0x2000a820                OSTCBCurPtr
                0x2000a824                OSQQty
                0x2000a826                OSStatTaskCPUUsageMax
                0x2000a828                OSTCBHighRdyPtr
                0x2000a82c                OSTaskDbgListPtr
                0x2000a830                OSTmrTaskTimeMax
                0x2000a834                OSTaskCtxSwCtr
                0x2000a838                OSStatTaskCPUUsage
                0x2000a83a                OSTaskQty
                0x2000a83c                OSTmrTaskTCB
                0x2000a930                OSMsgPool
                0x2000a93c                OSQDbgListPtr
                0x2000a940                OSSemQty
                0x2000a944                OSSchedRoundRobinDfltTimeQuanta
                0x2000a948                OSMonDbgListPtr
                0x2000a94c                OSTmrMutex
                0x2000a980                OSTmrQty
                0x2000a982                OSFlagQty
                0x2000a984                OSFlagDbgListPtr
                0x2000a988                OSStatResetFlag
                0x2000a98a                OSMutexQty
                0x2000a98c                OSStatTaskTCB
                0x2000aa80                OSTmrListPtr
                0x2000aa84                OSTmrDbgListPtr
                0x2000aa88                OSTmrListEntries
                0x2000aa8c                OSTmrUpdateCnt
                0x2000aa90                OSSchedRoundRobinEn
                0x2000aa94                OSMutexDbgListPtr
                0x2000aa98                OSTmrUpdateCtr
 COMMON         0x2000aa9c        0x4 ./ports/source/gnu/armv7m_os_cpu_c.o
                0x2000aa9c                OS_CPU_ExceptStkBase
 COMMON         0x2000aaa0        0x4 ./src/main.o
                0x2000aaa0                buf_prev
                0x2000aaa4                . = ALIGN (0x4)
                0x2000aaa4                __bss_end__ = .

.heap           0x2000aaa8      0xc00
                0x2000aaa8                __HeapBase = .
                0x2000aaa8                __end__ = .
                0x2000aaa8                end = __end__
                0x2000aaa8                _end = __end__
 *(.heap*)
 .heap          0x2000aaa8      0xc00 ./CMSIS/EFM32PG12B/startup_gcc_efm32pg12b.o
                0x2000b6a8                __HeapLimit = .

.stack_dummy    0x2000aaa8      0x400
 *(.stack*)
 .stack         0x2000aaa8      0x400 ./CMSIS/EFM32PG12B/startup_gcc_efm32pg12b.o
                0x20040000                __StackTop = (ORIGIN (RAM) + LENGTH (RAM))
                0x2003fc00                __StackLimit = (__StackTop - SIZEOF (.stack_dummy))
                0x20040000                PROVIDE (__stack, __StackTop)
                0x00000001                ASSERT ((__StackLimit >= __HeapLimit), region RAM overflowed with stack)
                0x00000001                ASSERT ((LENGTH (FLASH) >= (__etext + SIZEOF (.data))), FLASH memory overflowed !)
OUTPUT(AE_RTOS_LAB6_ITC.axf elf32-littlearm)

.ARM.attributes
                0x00000000       0x2e
 .ARM.attributes
                0x00000000       0x22 c:/siliconlabs/simplicitystudio/v4/developer/toolchains/gnu_arm/7.2_2017q4/bin/../lib/gcc/arm-none-eabi/7.2.1/thumb/v7e-m/fpv4-sp/softfp/crti.o
 .ARM.attributes
                0x00000022       0x32 c:/siliconlabs/simplicitystudio/v4/developer/toolchains/gnu_arm/7.2_2017q4/bin/../lib/gcc/arm-none-eabi/7.2.1/thumb/v7e-m/fpv4-sp/softfp/crtbegin.o
 .ARM.attributes
                0x00000054       0x20 c:/siliconlabs/simplicitystudio/v4/developer/toolchains/gnu_arm/7.2_2017q4/bin/../lib/gcc/arm-none-eabi/7.2.1/../../../../arm-none-eabi/lib/thumb/v7e-m/fpv4-sp/softfp/crt0.o
 .ARM.attributes
                0x00000074       0x37 ./BSP/bsp_stk_leds.o
 .ARM.attributes
                0x000000ab       0x37 ./BSP/siliconlabs/generic/source/bsp_cpu.o
 .ARM.attributes
                0x000000e2       0x37 ./BSP/siliconlabs/generic/source/bsp_os.o
 .ARM.attributes
                0x00000119       0x1f ./CMSIS/EFM32PG12B/startup_gcc_efm32pg12b.o
 .ARM.attributes
                0x00000138       0x37 ./CMSIS/EFM32PG12B/system_efm32pg12b.o
 .ARM.attributes
                0x0000016f       0x37 ./Drivers/capsense.o
 .ARM.attributes
                0x000001a6       0x37 ./Drivers/retargetio.o
 .ARM.attributes
                0x000001dd       0x37 ./SystemView/SEGGER_RTT.o
 .ARM.attributes
                0x00000214       0x25 ./SystemView/SEGGER_RTT_ASM_ARMv7M.o